******************************************************************************
                  TI ARM Linker PC v5.2.5                      
******************************************************************************
>> Linked Sun Nov 27 16:08:15 2016

OUTPUT FILE NAME:   <single_line_follow.out>
ENTRY POINT SYMBOL: "_c_int00"  address: 000008f9


MEMORY CONFIGURATION

         name            origin    length      used     unused   attr    fill
----------------------  --------  ---------  --------  --------  ----  --------
  MAIN                  00000000   00040000  00000c10  0003f3f0  R  X
  INFO                  00200000   00004000  00000000  00004000  R  X
  SRAM_CODE             01000000   00010000  00000000  00010000  RW X
  SRAM_DATA             20000000   00010000  00000250  0000fdb0  RW  


SEGMENT ALLOCATION MAP

run origin  load origin   length   init length attrs members
----------  ----------- ---------- ----------- ----- -------
00000000    00000000    00000c14   00000c14    r-x
  00000000    00000000    00000140   00000140    r-- .intvecs
  00000140    00000140    00000a5c   00000a5c    r-x .text
  00000b9c    00000b9c    00000048   00000048    r-- .const
  00000be8    00000be8    0000002c   0000002c    r-- .cinit
20000000    20000000    00000050   00000000    rw-
  20000000    20000000    00000050   00000000    rw- .data
2000fe00    2000fe00    00000200   00000000    rw-
  2000fe00    2000fe00    00000200   00000000    rw- .stack


SECTION ALLOCATION MAP

 output                                  attributes/
section   page    origin      length       input sections
--------  ----  ----------  ----------   ----------------
.intvecs   0    00000000    00000140     
                  00000000    00000140     msp432_startup_ccs.obj (.intvecs:retain)

.text      0    00000140    00000a5c     
                  00000140    00000400     main_phase2.obj (.text)
                  00000540    000000e8     msp432p4xx_driverlib.lib : cs.o (.text:CS_setDCOFrequency)
                  00000628    000000e0                              : cs.o (.text:CS_initClockSignal)
                  00000708    0000009c     rtsv7M4_T_le_v4SPD16_eabi.lib : memcpy_t2.obj (.text)
                  000007a4    0000007a                                   : memset_t2.obj (.text)
                  0000081e    00000002     --HOLE-- [fill = 0]
                  00000820    0000006c                                   : autoinit.obj (.text)
                  0000088c    0000006a                                   : copy_decompress_rle.obj (.text)
                  000008f6    00000002     --HOLE-- [fill = 0]
                  000008f8    00000050                                   : boot.obj (.text)
                  00000948    0000004c                                   : cpy_tbl.obj (.text)
                  00000994    00000044                                   : exit.obj (.text)
                  000009d8    00000030     msp432p4xx_driverlib.lib : cs.o (.text:CS_tuneDCOFrequency)
                  00000a08    00000030                              : gpio.o (.text:GPIO_getEnabledInterruptStatus)
                  00000a38    00000030                              : gpio.o (.text:GPIO_setAsInputPinWithPullUpResistor)
                  00000a68    00000024                              : cs.o (.text:CS_setDCOCenteredFrequency)
                  00000a8c    00000024                              : gpio.o (.text:GPIO_setAsOutputPin)
                  00000ab0    0000001c                              : gpio.o (.text:GPIO_getInputPinValue)
                  00000acc    00000018                              : gpio.o (.text:GPIO_clearInterruptFlag)
                  00000ae4    00000018                              : gpio.o (.text:GPIO_setOutputLowOnPin)
                  00000afc    00000018                              : wdt_a.o (.text:WDT_A_holdTimer)
                  00000b14    00000018     rtsv7M4_T_le_v4SPD16_eabi.lib : args_main.obj (.text)
                  00000b2c    00000014     msp432p4xx_driverlib.lib : gpio.o (.text:GPIO_enableInterrupt)
                  00000b40    00000014                              : gpio.o (.text:GPIO_setOutputHighOnPin)
                  00000b54    00000014     rtsv7M4_T_le_v4SPD16_eabi.lib : _lock.obj (.text)
                  00000b68    00000010     msp432p4xx_driverlib.lib : gpio.o (.text:GPIO_getInterruptStatus)
                  00000b78    0000000e     rtsv7M4_T_le_v4SPD16_eabi.lib : copy_decompress_none.obj (.text:decompress:none)
                  00000b86    0000000c     msp432_startup_ccs.obj (.text)
                  00000b92    00000006     rtsv7M4_T_le_v4SPD16_eabi.lib : copy_decompress_rle.obj (.text:decompress:rle24)
                  00000b98    00000004                                   : pre_init.obj (.text)

.const     0    00000b9c    00000048     
                  00000b9c    00000030     msp432p4xx_driverlib.lib : gpio.o (.const:GPIO_PORT_TO_BASE)
                  00000bcc    00000018     main_phase2.obj (.const)

.cinit     0    00000be8    0000002c     
                  00000be8    0000001c     (.cinit..data.load) [load image, compression = rle]
                  00000c04    00000008     (__TI_handler_table)
                  00000c0c    00000008     (__TI_cinit_table)

.init_array 
*          0    00000000    00000000     UNINITIALIZED

.data      0    20000000    00000050     UNINITIALIZED
                  20000000    0000003c     main_phase2.obj (.data)
                  2000003c    00000008     rtsv7M4_T_le_v4SPD16_eabi.lib : _lock.obj (.data)
                  20000044    00000008                                   : exit.obj (.data)
                  2000004c    00000004                                   : stkdepth_vars.obj (.data)

.TI.persistent 
*          0    20000000    00000000     UNINITIALIZED

.stack     0    2000fe00    00000200     UNINITIALIZED
                  2000fe00    00000200     --HOLE--


LINKER GENERATED COPY TABLES

__TI_cinit_table @ 00000c0c records: 1, size/record: 8, table size: 8
	.data: load addr=00000be8, load size=0000001c bytes, run addr=20000000, run size=00000050 bytes, compression=rle


LINKER GENERATED HANDLER TABLE

__TI_handler_table @ 00000c04 records: 2, size/record: 4, table size: 8
	index: 0, handler: __TI_decompress_rle24
	index: 1, handler: __TI_decompress_none


GLOBAL SYMBOLS: SORTED ALPHABETICALLY BY Name 

address   name                                
-------   ----                                
00000995  C$$EXIT                             
00000629  CS_initClockSignal                  
00000a69  CS_setDCOCenteredFrequency          
00000541  CS_setDCOFrequency                  
000009d9  CS_tuneDCOFrequency                 
00000acd  GPIO_clearInterruptFlag             
00000b2d  GPIO_enableInterrupt                
00000a09  GPIO_getEnabledInterruptStatus      
00000ab1  GPIO_getInputPinValue               
00000b69  GPIO_getInterruptStatus             
00000a39  GPIO_setAsInputPinWithPullUpResistor
00000a8d  GPIO_setAsOutputPin                 
00000b41  GPIO_setOutputHighOnPin             
00000ae5  GPIO_setOutputLowOnPin              
UNDEFED   SHT$$INIT_ARRAY$$Base               
UNDEFED   SHT$$INIT_ARRAY$$Limit              
4000480c  WDTCTL_SYM                          
00000afd  WDT_A_holdTimer                     
20010000  __STACK_END                         
00000200  __STACK_SIZE                        
00000c0c  __TI_CINIT_Base                     
00000c14  __TI_CINIT_Limit                    
00000c04  __TI_Handler_Table_Base             
00000c0c  __TI_Handler_Table_Limit            
00000821  __TI_auto_init                      
20000044  __TI_cleanup_ptr                    
00000b79  __TI_decompress_none                
00000b93  __TI_decompress_rle24               
20000048  __TI_dtors_ptr                      
00000000  __TI_static_base__                  
000007a5  __aeabi_memclr                      
000007a5  __aeabi_memclr4                     
000007a5  __aeabi_memclr8                     
00000709  __aeabi_memcpy                      
00000709  __aeabi_memcpy4                     
00000709  __aeabi_memcpy8                     
000007a7  __aeabi_memset                      
000007a7  __aeabi_memset4                     
000007a7  __aeabi_memset8                     
ffffffff  __binit__                           
ffffffff  __c_args__                          
2000fe00  __stack                             
00000b15  _args_main                          
000008f9  _c_int00                            
2000003c  _lock                               
00000b63  _nop                                
00000b5b  _register_lock                      
00000b55  _register_unlock                    
00000b99  _system_pre_init                    
20000040  _unlock                             
00000999  abort                               
ffffffff  binit                               
20000038  black                               
20000024  button1                             
20000028  button2                             
00000949  copy_in                             
2000002c  count                               
20000000  dcoFrequency                        
20000004  duty                                
000009a1  exit                                
00000000  interruptVectors                    
20000008  ir1                                 
2000000c  line1                               
20000010  line1_flag                          
20000014  line2                               
20000018  line2_flag                          
2000001c  line3                               
20000020  line3_flag                          
00000141  main                                
2000004c  main_func_sp                        
00000709  memcpy                              
000007ad  memset                              
00000491  port6_isr                           
20000030  time                                
0000046d  timer_a_1_isr                       
00000bcc  upConfig                            
20000034  white                               


GLOBAL SYMBOLS: SORTED BY Symbol Address 

address   name                                
-------   ----                                
00000000  __TI_static_base__                  
00000000  interruptVectors                    
00000141  main                                
00000200  __STACK_SIZE                        
0000046d  timer_a_1_isr                       
00000491  port6_isr                           
00000541  CS_setDCOFrequency                  
00000629  CS_initClockSignal                  
00000709  __aeabi_memcpy                      
00000709  __aeabi_memcpy4                     
00000709  __aeabi_memcpy8                     
00000709  memcpy                              
000007a5  __aeabi_memclr                      
000007a5  __aeabi_memclr4                     
000007a5  __aeabi_memclr8                     
000007a7  __aeabi_memset                      
000007a7  __aeabi_memset4                     
000007a7  __aeabi_memset8                     
000007ad  memset                              
00000821  __TI_auto_init                      
000008f9  _c_int00                            
00000949  copy_in                             
00000995  C$$EXIT                             
00000999  abort                               
000009a1  exit                                
000009d9  CS_tuneDCOFrequency                 
00000a09  GPIO_getEnabledInterruptStatus      
00000a39  GPIO_setAsInputPinWithPullUpResistor
00000a69  CS_setDCOCenteredFrequency          
00000a8d  GPIO_setAsOutputPin                 
00000ab1  GPIO_getInputPinValue               
00000acd  GPIO_clearInterruptFlag             
00000ae5  GPIO_setOutputLowOnPin              
00000afd  WDT_A_holdTimer                     
00000b15  _args_main                          
00000b2d  GPIO_enableInterrupt                
00000b41  GPIO_setOutputHighOnPin             
00000b55  _register_unlock                    
00000b5b  _register_lock                      
00000b63  _nop                                
00000b69  GPIO_getInterruptStatus             
00000b79  __TI_decompress_none                
00000b93  __TI_decompress_rle24               
00000b99  _system_pre_init                    
00000bcc  upConfig                            
00000c04  __TI_Handler_Table_Base             
00000c0c  __TI_CINIT_Base                     
00000c0c  __TI_Handler_Table_Limit            
00000c14  __TI_CINIT_Limit                    
20000000  dcoFrequency                        
20000004  duty                                
20000008  ir1                                 
2000000c  line1                               
20000010  line1_flag                          
20000014  line2                               
20000018  line2_flag                          
2000001c  line3                               
20000020  line3_flag                          
20000024  button1                             
20000028  button2                             
2000002c  count                               
20000030  time                                
20000034  white                               
20000038  black                               
2000003c  _lock                               
20000040  _unlock                             
20000044  __TI_cleanup_ptr                    
20000048  __TI_dtors_ptr                      
2000004c  main_func_sp                        
2000fe00  __stack                             
20010000  __STACK_END                         
4000480c  WDTCTL_SYM                          
ffffffff  __binit__                           
ffffffff  __c_args__                          
ffffffff  binit                               
UNDEFED   SHT$$INIT_ARRAY$$Base               
UNDEFED   SHT$$INIT_ARRAY$$Limit              

[77 symbols]
