******************************************************************************
                  TI ARM Linker PC v5.2.5                      
******************************************************************************
>> Linked Tue Nov 01 13:03:05 2016

OUTPUT FILE NAME:   <Lab7.out>
ENTRY POINT SYMBOL: "_c_int00"  address: 00003719


MEMORY CONFIGURATION

         name            origin    length      used     unused   attr    fill
----------------------  --------  ---------  --------  --------  ----  --------
  MAIN                  00000000   00040000  00003f2c  0003c0d4  R  X
  INFO                  00200000   00004000  00000000  00004000  R  X
  SRAM_CODE             01000000   00010000  00000000  00010000  RW X
  SRAM_DATA             20000000   00010000  00000b75  0000f48b  RW  


SEGMENT ALLOCATION MAP

run origin  load origin   length   init length attrs members
----------  ----------- ---------- ----------- ----- -------
00000000    00000000    00003f30   00003f30    r-x
  00000000    00000000    00000140   00000140    r-- .intvecs
  00000140    00000140    00003b4c   00003b4c    r-x .text
  00003c8c    00003c8c    000001c0   000001c0    r-- .const
  00003e50    00003e50    000000e0   000000e0    r-- .cinit
20000000    20000000    00000975   00000000    rw-
  20000000    20000000    00000400   00000000    rw- .sysmem
  20000400    20000400    00000360   00000000    rw- .data
  20000760    20000760    00000215   00000000    rw- .bss
2000fe00    2000fe00    00000200   00000000    rw-
  2000fe00    2000fe00    00000200   00000000    rw- .stack


SECTION ALLOCATION MAP

 output                                  attributes/
section   page    origin      length       input sections
--------  ----  ----------  ----------   ----------------
.intvecs   0    00000000    00000140     
                  00000000    00000140     msp432_startup_ccs.obj (.intvecs:retain)

.text      0    00000140    00003b4c     
                  00000140    000010ba     rtsv7M4_T_le_v4SPD16_eabi.lib : _printfi.obj (.text)
                  000011fa    00000002     --HOLE-- [fill = 0]
                  000011fc    000005cc     main.obj (.text)
                  000017c8    000003dc     rtsv7M4_T_le_v4SPD16_eabi.lib : memory.obj (.text)
                  00001ba4    0000030c                                   : lowlev.obj (.text)
                  00001eb0    000002d4                                   : trgdrv.obj (.text)
                  00002184    000001f4                                   : ull_div_t2.obj (.text)
                  00002378    000001c4                                   : fopen.obj (.text)
                  0000253c    000001b6                                   : fd_add_t2.obj (.text)
                  000026f2    00000136                                   : fd_div_t2.obj (.text)
                  00002828    00000134                                   : fputs.obj (.text)
                  0000295c    00000110                                   : xdscale.obj (.text)
                  00002a6c    000000fc                                   : fd_mul_t2.obj (.text)
                  00002b68    000000e8     msp432p4xx_driverlib.lib : cs.o (.text:CS_setDCOFrequency)
                  00002c50    000000e0                              : cs.o (.text:CS_initClockSignal)
                  00002d30    000000dc     rtsv7M4_T_le_v4SPD16_eabi.lib : setvbuf.obj (.text)
                  00002e0c    000000c8                                   : fflush.obj (.text)
                  00002ed4    000000be                                   : xdnorm.obj (.text)
                  00002f92    000000ac                                   : _io_perm.obj (.text)
                  0000303e    0000009c                                   : memcpy_t2.obj (.text)
                  000030da    00000002     --HOLE-- [fill = 0]
                  000030dc    00000098                                   : fclose.obj (.text)
                  00003174    00000098                                   : fputc.obj (.text)
                  0000320c    00000086                                   : fd_cmp_t2.obj (.text:__aeabi_cdcmple)
                  00003292    00000086                                   : fd_cmp_t2.obj (.text:__aeabi_cdrcmple)
                  00003318    0000007a                                   : memset_t2.obj (.text)
                  00003392    00000002     --HOLE-- [fill = 0]
                  00003394    00000070                                   : printf.obj (.text)
                  00003404    0000006c                                   : autoinit.obj (.text)
                  00003470    0000006a                                   : copy_decompress_rle.obj (.text)
                  000034da    00000002     --HOLE-- [fill = 0]
                  000034dc    00000068                                   : trgmsg.obj (.text)
                  00003544    00000066                                   : xdunscal.obj (.text)
                  000035aa    00000002     --HOLE-- [fill = 0]
                  000035ac    00000064                                   : fseek.obj (.text)
                  00003610    00000060                                   : sprintf.obj (.text)
                  00003670    00000056                                   : ltoa.obj (.text)
                  000036c6    00000052                                   : ldexp.obj (.text)
                  00003718    00000050                                   : boot.obj (.text)
                  00003768    0000004c     msp432p4xx_driverlib.lib : gpio.o (.text:GPIO_setAsPeripheralModuleFunctionInputPin)
                  000037b4    0000004c     rtsv7M4_T_le_v4SPD16_eabi.lib : atoi.obj (.text)
                  00003800    0000004c                                   : cpy_tbl.obj (.text)
                  0000384c    00000048                                   : fd_toi_t2.obj (.text)
                  00003894    00000044                                   : exit.obj (.text)
                  000038d8    00000040                                   : signal.obj (.text)
                  00003918    00000034                                   : feraiseexcept.obj (.text)
                  0000394c    00000030     msp432p4xx_driverlib.lib : cs.o (.text:CS_tuneDCOFrequency)
                  0000397c    00000030     rtsv7M4_T_le_v4SPD16_eabi.lib : strncpy.obj (.text)
                  000039ac    00000030                                   : xdclass.obj (.text)
                  000039dc    00000030                                   : xferaise.obj (.text)
                  00003a0c    0000002e                                   : i_tofd_t2.obj (.text)
                  00003a3a    0000002e                                   : raise.obj (.text)
                  00003a68    0000002a                                   : frexp.obj (.text)
                  00003a92    00000002     --HOLE-- [fill = 0]
                  00003a94    00000024     msp432p4xx_driverlib.lib : cs.o (.text:CS_setDCOCenteredFrequency)
                  00003ab8    00000024                              : gpio.o (.text:GPIO_setAsOutputPin)
                  00003adc    00000024                              : interrupt.o (.text:Interrupt_setPriority)
                  00003b00    00000024                              : uart.o (.text:UART_transmitData)
                  00003b24    00000020                              : timer_a.o (.text:Timer_A_disableCaptureCompareInterrupt)
                  00003b44    00000020     rtsv7M4_T_le_v4SPD16_eabi.lib : memchr.obj (.text)
                  00003b64    0000001c                                   : memccpy.obj (.text)
                  00003b80    00000018     msp432p4xx_driverlib.lib : gpio.o (.text:GPIO_setOutputLowOnPin)
                  00003b98    00000018                              : wdt_a.o (.text:WDT_A_holdTimer)
                  00003bb0    00000018     rtsv7M4_T_le_v4SPD16_eabi.lib : args_main.obj (.text)
                  00003bc8    00000018                                   : strcmp.obj (.text)
                  00003be0    00000016                                   : strchr.obj (.text)
                  00003bf6    00000002     --HOLE-- [fill = 0]
                  00003bf8    00000014     msp432p4xx_driverlib.lib : fpu.o (.text:FPU_enableModule)
                  00003c0c    00000014                              : gpio.o (.text:GPIO_setOutputHighOnPin)
                  00003c20    00000014     rtsv7M4_T_le_v4SPD16_eabi.lib : _lock.obj (.text)
                  00003c34    00000014                                   : strcpy.obj (.text)
                  00003c48    00000014                                   : strlen.obj (.text)
                  00003c5c    0000000e                                   : copy_decompress_none.obj (.text:decompress:none)
                  00003c6a    0000000c                                   : copy_zero_init.obj (.text:decompress:ZI)
                  00003c76    0000000c     msp432_startup_ccs.obj (.text)
                  00003c82    00000006     rtsv7M4_T_le_v4SPD16_eabi.lib : copy_decompress_rle.obj (.text:decompress:rle24)
                  00003c88    00000004                                   : pre_init.obj (.text)

.const     0    00003c8c    000001c0     
                  00003c8c    00000101     rtsv7M4_T_le_v4SPD16_eabi.lib : ctype.obj (.const:.string:_ctypes_)
                  00003d8d    00000003     --HOLE-- [fill = 0]
                  00003d90    00000050     msp432p4xx_driverlib.lib : interrupt.o (.const:g_pulRegs)
                  00003de0    00000030                              : gpio.o (.const:GPIO_PORT_TO_BASE)
                  00003e10    00000024     main.obj (.const:UART_init)
                  00003e34    00000018     main.obj (.const)

.cinit     0    00003e50    000000e0     
                  00003e50    000000b6     (.cinit..data.load) [load image, compression = rle]
                  00003f06    00000002     --HOLE-- [fill = 0]
                  00003f08    0000000c     (__TI_handler_table)
                  00003f14    00000004     --HOLE-- [fill = 0]
                  00003f18    00000008     (.cinit..bss.load) [load image, compression = zero_init]
                  00003f20    00000010     (__TI_cinit_table)

.init_array 
*          0    00000000    00000000     UNINITIALIZED

.sysmem    0    20000000    00000400     UNINITIALIZED
                  20000000    00000008     rtsv7M4_T_le_v4SPD16_eabi.lib : memory.obj (.sysmem)
                  20000008    000003f8     --HOLE--

.data      0    20000400    00000360     UNINITIALIZED
                  20000400    000000f0     rtsv7M4_T_le_v4SPD16_eabi.lib : defs.obj (.data:_ftable)
                  200004f0    000000d0                                   : lowlev.obj (.data)
                  200005c0    000000b0                                   : signal.obj (.data:sigtable)
                  20000670    00000080                                   : xvalues.obj (.data)
                  200006f0    00000030     main.obj (.data)
                  20000720    00000010     rtsv7M4_T_le_v4SPD16_eabi.lib : defs.obj (.data)
                  20000730    0000000c                                   : memory.obj (.data)
                  2000073c    00000008                                   : _lock.obj (.data)
                  20000744    00000008                                   : exit.obj (.data)
                  2000074c    00000008                                   : feraiseexcept.obj (.data)
                  20000754    00000004                                   : errno.obj (.data)
                  20000758    00000004                                   : fopen.obj (.data)
                  2000075c    00000004                                   : stkdepth_vars.obj (.data)

.TI.persistent 
*          0    20000400    00000000     UNINITIALIZED

.bss       0    20000760    00000215     UNINITIALIZED
                  20000760    00000120     rtsv7M4_T_le_v4SPD16_eabi.lib : trgmsg.obj (.bss:__CIOBUF_)
                  20000880    000000a0                                   : defs.obj (.bss:__TI_tmpnams)
                  20000920    00000034     main.obj (.bss:first_message)
                  20000954    0000000c     (.common:message_out)
                  20000960    0000000c     (.common:receiveBuffer)
                  2000096c    00000008     (.common:parmbuf)
                  20000974    00000001     (.common:toprint)

.TI.noinit 
*          0    20000760    00000000     UNINITIALIZED

.stack     0    2000fe00    00000200     UNINITIALIZED
                  2000fe00    00000200     --HOLE--


LINKER GENERATED COPY TABLES

__TI_cinit_table @ 00003f20 records: 2, size/record: 8, table size: 16
	.data: load addr=00003e50, load size=000000b6 bytes, run addr=20000400, run size=00000360 bytes, compression=rle
	.bss: load addr=00003f18, load size=00000008 bytes, run addr=20000760, run size=00000215 bytes, compression=zero_init


LINKER GENERATED HANDLER TABLE

__TI_handler_table @ 00003f08 records: 3, size/record: 4, table size: 12
	index: 0, handler: __TI_decompress_rle24
	index: 1, handler: __TI_decompress_none
	index: 2, handler: __TI_zero_init


GLOBAL SYMBOLS: SORTED ALPHABETICALLY BY Name 

address   name                                      
-------   ----                                      
00003895  C$$EXIT                                   
0000350b  C$$IO$$                                   
00002c51  CS_initClockSignal                        
00003a95  CS_setDCOCenteredFrequency                
00002b69  CS_setDCOFrequency                        
0000394d  CS_tuneDCOFrequency                       
00003bf9  FPU_enableModule                          
00003ab9  GPIO_setAsOutputPin                       
00003769  GPIO_setAsPeripheralModuleFunctionInputPin
00003c0d  GPIO_setOutputHighOnPin                   
00003b81  GPIO_setOutputLowOnPin                    
0000213d  HOSTclock                                 
00002105  HOSTclose                                 
000020c7  HOSTgetenv                                
0000206b  HOSTlseek                                 
00002019  HOSTopen                                  
00001fcd  HOSTread                                  
00001f6f  HOSTrename                                
00001f35  HOSTtime                                  
00001efd  HOSTunlink                                
00001eb1  HOSTwrite                                 
00003add  Interrupt_setPriority                     
UNDEFED   SHT$$INIT_ARRAY$$Base                     
UNDEFED   SHT$$INIT_ARRAY$$Limit                    
00003b25  Timer_A_disableCaptureCompareInterrupt    
00003e10  UART_init                                 
00003b01  UART_transmitData                         
4000480c  WDTCTL_SYM                                
00003b99  WDT_A_holdTimer                           
000039ad  _Dclass                                   
20000670  _Denorm                                   
00002ed5  _Dnorm                                    
0000295d  _Dscale                                   
00003545  _Dunscale                                 
20000680  _Eps                                      
20000754  _Errno                                    
2000074c  _Fenv                                     
000039dd  _Feraise                                  
20000690  _Hugeval                                  
200006a0  _Inf                                      
200006b0  _Nan                                      
200006d0  _Rteps                                    
200006c0  _Snan                                     
20000750  _Tls_setup__Fenv                          
200006e0  _Xbig                                     
200006e8  _Zero                                     
20000760  __CIOBUF_                                 
20010000  __STACK_END                               
00000200  __STACK_SIZE                              
00000400  __SYSMEM_SIZE                             
00003f20  __TI_CINIT_Base                           
00003f30  __TI_CINIT_Limit                          
00003f08  __TI_Handler_Table_Base                   
00003f14  __TI_Handler_Table_Limit                  
00003405  __TI_auto_init                            
00002441  __TI_cleanup                              
20000744  __TI_cleanup_ptr                          
000030dd  __TI_closefile                            
00003c5d  __TI_decompress_none                      
00003c83  __TI_decompress_rle24                     
00002e0d  __TI_doflush                              
20000748  __TI_dtors_ptr                            
20000720  __TI_ft_end                               
00000ef5  __TI_printfi                              
00002ff5  __TI_rd_ok                                
0000350f  __TI_readmsg                              
00000000  __TI_static_base__                        
20000880  __TI_tmpnams                              
000034dd  __TI_writemsg                             
00002f93  __TI_wrt_ok                               
00003c6b  __TI_zero_init                            
0000320d  __aeabi_cdcmpeq                           
0000320d  __aeabi_cdcmple                           
00003293  __aeabi_cdrcmple                          
0000384d  __aeabi_d2iz                              
00002547  __aeabi_dadd                              
000026f3  __aeabi_ddiv                              
00002a6d  __aeabi_dmul                              
0000253d  __aeabi_dsub                              
00003a0d  __aeabi_i2d                               
00003319  __aeabi_memclr                            
00003319  __aeabi_memclr4                           
00003319  __aeabi_memclr8                           
0000303f  __aeabi_memcpy                            
0000303f  __aeabi_memcpy4                           
0000303f  __aeabi_memcpy8                           
0000331b  __aeabi_memset                            
0000331b  __aeabi_memset4                           
0000331b  __aeabi_memset8                           
2000072c  __aeabi_stderr                            
20000724  __aeabi_stdin                             
20000728  __aeabi_stdout                            
00002185  __aeabi_uldivmod                          
ffffffff  __binit__                                 
ffffffff  __c_args__                                
2000fe00  __stack                                   
00003bb1  _args_main                                
00003719  _c_int00                                  
00003c8c  _ctypes_                                  
20000400  _ftable                                   
2000073c  _lock                                     
00003c2f  _nop                                      
00003c27  _register_lock                            
00003c21  _register_unlock                          
20000000  _sys_memory                               
00003c89  _system_pre_init                          
20000740  _unlock                                   
00003899  abort                                     
00001e05  add_device                                
000037b5  atoi                                      
ffffffff  binit                                     
00001b71  calloc                                    
200006fc  carriageReturn                            
00001db5  close                                     
00003801  copy_in                                   
200006f4  dcoFrequency_motor                        
200006f0  dcoFrequency_uart                         
2000070c  degree_count                              
000038a1  exit                                      
00003143  fclose                                    
00003919  feraiseexcept                             
00002e59  fflush                                    
20000920  first_message                             
00002497  fopen                                     
00003175  fputc                                     
00002829  fputs                                     
000018bf  free                                      
0000246d  freopen                                   
00003a69  frexp                                     
000035ad  fseek                                     
20000718  i                                         
00000000  interruptVectors                          
2000071c  j                                         
000036c7  ldexp                                     
00001d91  lseek                                     
00003671  ltoa                                      
000011fd  main                                      
2000075c  main_func_sp                              
00001857  malloc                                    
00001a8d  memalign                                  
00003b65  memccpy                                   
00003b45  memchr                                    
0000303f  memcpy                                    
00003321  memset                                    
20000954  message_out                               
000017c9  minit                                     
200006f8  newLine                                   
00001ce3  open                                      
0000339d  printf                                    
20000704  program_stage                             
00003175  putc                                      
000031f9  putchar                                   
00002935  puts                                      
00003a3b  raise                                     
00001cbf  read                                      
00001981  realloc                                   
20000960  receiveBuffer                             
00001c35  remove                                    
00001c97  remove_device                             
00001c59  rename                                    
20000708  rotation                                  
00002d31  setvbuf                                   
000038d9  signal                                    
00003611  sprintf                                   
20000710  stator_count                              
00003be1  strchr                                    
00003bc9  strcmp                                    
00003c35  strcpy                                    
00003c49  strlen                                    
0000397d  strncpy                                   
20000714  timer                                     
00001769  timer_a_1_isr                             
20000974  toprint                                   
20000700  uart_count                                
000016f9  uart_isr                                  
00001c35  unlink                                    
00003e34  upConfig                                  
00001ba5  write                                     


GLOBAL SYMBOLS: SORTED BY Symbol Address 

address   name                                      
-------   ----                                      
00000000  __TI_static_base__                        
00000000  interruptVectors                          
00000200  __STACK_SIZE                              
00000400  __SYSMEM_SIZE                             
00000ef5  __TI_printfi                              
000011fd  main                                      
000016f9  uart_isr                                  
00001769  timer_a_1_isr                             
000017c9  minit                                     
00001857  malloc                                    
000018bf  free                                      
00001981  realloc                                   
00001a8d  memalign                                  
00001b71  calloc                                    
00001ba5  write                                     
00001c35  remove                                    
00001c35  unlink                                    
00001c59  rename                                    
00001c97  remove_device                             
00001cbf  read                                      
00001ce3  open                                      
00001d91  lseek                                     
00001db5  close                                     
00001e05  add_device                                
00001eb1  HOSTwrite                                 
00001efd  HOSTunlink                                
00001f35  HOSTtime                                  
00001f6f  HOSTrename                                
00001fcd  HOSTread                                  
00002019  HOSTopen                                  
0000206b  HOSTlseek                                 
000020c7  HOSTgetenv                                
00002105  HOSTclose                                 
0000213d  HOSTclock                                 
00002185  __aeabi_uldivmod                          
00002441  __TI_cleanup                              
0000246d  freopen                                   
00002497  fopen                                     
0000253d  __aeabi_dsub                              
00002547  __aeabi_dadd                              
000026f3  __aeabi_ddiv                              
00002829  fputs                                     
00002935  puts                                      
0000295d  _Dscale                                   
00002a6d  __aeabi_dmul                              
00002b69  CS_setDCOFrequency                        
00002c51  CS_initClockSignal                        
00002d31  setvbuf                                   
00002e0d  __TI_doflush                              
00002e59  fflush                                    
00002ed5  _Dnorm                                    
00002f93  __TI_wrt_ok                               
00002ff5  __TI_rd_ok                                
0000303f  __aeabi_memcpy                            
0000303f  __aeabi_memcpy4                           
0000303f  __aeabi_memcpy8                           
0000303f  memcpy                                    
000030dd  __TI_closefile                            
00003143  fclose                                    
00003175  fputc                                     
00003175  putc                                      
000031f9  putchar                                   
0000320d  __aeabi_cdcmpeq                           
0000320d  __aeabi_cdcmple                           
00003293  __aeabi_cdrcmple                          
00003319  __aeabi_memclr                            
00003319  __aeabi_memclr4                           
00003319  __aeabi_memclr8                           
0000331b  __aeabi_memset                            
0000331b  __aeabi_memset4                           
0000331b  __aeabi_memset8                           
00003321  memset                                    
0000339d  printf                                    
00003405  __TI_auto_init                            
000034dd  __TI_writemsg                             
0000350b  C$$IO$$                                   
0000350f  __TI_readmsg                              
00003545  _Dunscale                                 
000035ad  fseek                                     
00003611  sprintf                                   
00003671  ltoa                                      
000036c7  ldexp                                     
00003719  _c_int00                                  
00003769  GPIO_setAsPeripheralModuleFunctionInputPin
000037b5  atoi                                      
00003801  copy_in                                   
0000384d  __aeabi_d2iz                              
00003895  C$$EXIT                                   
00003899  abort                                     
000038a1  exit                                      
000038d9  signal                                    
00003919  feraiseexcept                             
0000394d  CS_tuneDCOFrequency                       
0000397d  strncpy                                   
000039ad  _Dclass                                   
000039dd  _Feraise                                  
00003a0d  __aeabi_i2d                               
00003a3b  raise                                     
00003a69  frexp                                     
00003a95  CS_setDCOCenteredFrequency                
00003ab9  GPIO_setAsOutputPin                       
00003add  Interrupt_setPriority                     
00003b01  UART_transmitData                         
00003b25  Timer_A_disableCaptureCompareInterrupt    
00003b45  memchr                                    
00003b65  memccpy                                   
00003b81  GPIO_setOutputLowOnPin                    
00003b99  WDT_A_holdTimer                           
00003bb1  _args_main                                
00003bc9  strcmp                                    
00003be1  strchr                                    
00003bf9  FPU_enableModule                          
00003c0d  GPIO_setOutputHighOnPin                   
00003c21  _register_unlock                          
00003c27  _register_lock                            
00003c2f  _nop                                      
00003c35  strcpy                                    
00003c49  strlen                                    
00003c5d  __TI_decompress_none                      
00003c6b  __TI_zero_init                            
00003c83  __TI_decompress_rle24                     
00003c89  _system_pre_init                          
00003c8c  _ctypes_                                  
00003e10  UART_init                                 
00003e34  upConfig                                  
00003f08  __TI_Handler_Table_Base                   
00003f14  __TI_Handler_Table_Limit                  
00003f20  __TI_CINIT_Base                           
00003f30  __TI_CINIT_Limit                          
20000000  _sys_memory                               
20000400  _ftable                                   
20000670  _Denorm                                   
20000680  _Eps                                      
20000690  _Hugeval                                  
200006a0  _Inf                                      
200006b0  _Nan                                      
200006c0  _Snan                                     
200006d0  _Rteps                                    
200006e0  _Xbig                                     
200006e8  _Zero                                     
200006f0  dcoFrequency_uart                         
200006f4  dcoFrequency_motor                        
200006f8  newLine                                   
200006fc  carriageReturn                            
20000700  uart_count                                
20000704  program_stage                             
20000708  rotation                                  
2000070c  degree_count                              
20000710  stator_count                              
20000714  timer                                     
20000718  i                                         
2000071c  j                                         
20000720  __TI_ft_end                               
20000724  __aeabi_stdin                             
20000728  __aeabi_stdout                            
2000072c  __aeabi_stderr                            
2000073c  _lock                                     
20000740  _unlock                                   
20000744  __TI_cleanup_ptr                          
20000748  __TI_dtors_ptr                            
2000074c  _Fenv                                     
20000750  _Tls_setup__Fenv                          
20000754  _Errno                                    
2000075c  main_func_sp                              
20000760  __CIOBUF_                                 
20000880  __TI_tmpnams                              
20000920  first_message                             
20000954  message_out                               
20000960  receiveBuffer                             
20000974  toprint                                   
2000fe00  __stack                                   
20010000  __STACK_END                               
4000480c  WDTCTL_SYM                                
ffffffff  __binit__                                 
ffffffff  __c_args__                                
ffffffff  binit                                     
UNDEFED   SHT$$INIT_ARRAY$$Base                     
UNDEFED   SHT$$INIT_ARRAY$$Limit                    

[178 symbols]
