******************************************************************************
                  TI ARM Linker PC v5.2.5                      
******************************************************************************
>> Linked Mon Nov 28 18:16:51 2016

OUTPUT FILE NAME:   <phase3_2line_forward.out>
ENTRY POINT SYMBOL: "_c_int00"  address: 00000955


MEMORY CONFIGURATION

         name            origin    length      used     unused   attr    fill
----------------------  --------  ---------  --------  --------  ----  --------
  MAIN                  00000000   00040000  00000ce8  0003f318  R  X
  INFO                  00200000   00004000  00000000  00004000  R  X
  SRAM_CODE             01000000   00010000  00000000  00010000  RW X
  SRAM_DATA             20000000   00010000  00000254  0000fdac  RW  


SEGMENT ALLOCATION MAP

run origin  load origin   length   init length attrs members
----------  ----------- ---------- ----------- ----- -------
00000000    00000000    00000cec   00000cec    r-x
  00000000    00000000    00000140   00000140    r-- .intvecs
  00000140    00000140    00000adc   00000adc    r-x .text
  00000c1c    00000c1c    00000098   00000098    r-- .const
  00000cb8    00000cb8    00000034   00000034    r-- .cinit
20000000    20000000    00000054   00000000    rw-
  20000000    20000000    00000054   00000000    rw- .data
2000fe00    2000fe00    00000200   00000000    rw-
  2000fe00    2000fe00    00000200   00000000    rw- .stack


SECTION ALLOCATION MAP

 output                                  attributes/
section   page    origin      length       input sections
--------  ----  ----------  ----------   ----------------
.intvecs   0    00000000    00000140     
                  00000000    00000140     msp432_startup_ccs.obj (.intvecs:retain)

.text      0    00000140    00000adc     
                  00000140    0000045c     main.obj (.text)
                  0000059c    000000e8     msp432p4xx_driverlib.lib : cs.o (.text:CS_setDCOFrequency)
                  00000684    000000e0                              : cs.o (.text:CS_initClockSignal)
                  00000764    0000009c     rtsv7M4_T_le_v4SPD16_eabi.lib : memcpy_t2.obj (.text)
                  00000800    0000007a                                   : memset_t2.obj (.text)
                  0000087a    00000002     --HOLE-- [fill = 0]
                  0000087c    0000006c                                   : autoinit.obj (.text)
                  000008e8    0000006a                                   : copy_decompress_rle.obj (.text)
                  00000952    00000002     --HOLE-- [fill = 0]
                  00000954    00000050                                   : boot.obj (.text)
                  000009a4    0000004c                                   : cpy_tbl.obj (.text)
                  000009f0    00000044                                   : exit.obj (.text)
                  00000a34    00000030     msp432p4xx_driverlib.lib : cs.o (.text:CS_tuneDCOFrequency)
                  00000a64    00000030                              : gpio.o (.text:GPIO_getEnabledInterruptStatus)
                  00000a94    00000030                              : gpio.o (.text:GPIO_setAsInputPinWithPullUpResistor)
                  00000ac4    00000024                              : cs.o (.text:CS_setDCOCenteredFrequency)
                  00000ae8    00000024                              : gpio.o (.text:GPIO_setAsOutputPin)
                  00000b0c    00000024                              : interrupt.o (.text:Interrupt_setPriority)
                  00000b30    0000001c                              : gpio.o (.text:GPIO_getInputPinValue)
                  00000b4c    00000018                              : gpio.o (.text:GPIO_clearInterruptFlag)
                  00000b64    00000018                              : gpio.o (.text:GPIO_setOutputLowOnPin)
                  00000b7c    00000018                              : wdt_a.o (.text:WDT_A_holdTimer)
                  00000b94    00000018     rtsv7M4_T_le_v4SPD16_eabi.lib : args_main.obj (.text)
                  00000bac    00000014     msp432p4xx_driverlib.lib : gpio.o (.text:GPIO_enableInterrupt)
                  00000bc0    00000014                              : gpio.o (.text:GPIO_setOutputHighOnPin)
                  00000bd4    00000014     rtsv7M4_T_le_v4SPD16_eabi.lib : _lock.obj (.text)
                  00000be8    00000010     msp432p4xx_driverlib.lib : gpio.o (.text:GPIO_getInterruptStatus)
                  00000bf8    0000000e     rtsv7M4_T_le_v4SPD16_eabi.lib : copy_decompress_none.obj (.text:decompress:none)
                  00000c06    0000000c     msp432_startup_ccs.obj (.text)
                  00000c12    00000006     rtsv7M4_T_le_v4SPD16_eabi.lib : copy_decompress_rle.obj (.text:decompress:rle24)
                  00000c18    00000004                                   : pre_init.obj (.text)

.const     0    00000c1c    00000098     
                  00000c1c    00000050     msp432p4xx_driverlib.lib : interrupt.o (.const:g_pulRegs)
                  00000c6c    00000030                              : gpio.o (.const:GPIO_PORT_TO_BASE)
                  00000c9c    00000018     main.obj (.const)

.cinit     0    00000cb8    00000034     
                  00000cb8    00000024     (.cinit..data.load) [load image, compression = rle]
                  00000cdc    00000008     (__TI_handler_table)
                  00000ce4    00000008     (__TI_cinit_table)

.init_array 
*          0    00000000    00000000     UNINITIALIZED

.data      0    20000000    00000054     UNINITIALIZED
                  20000000    00000040     main.obj (.data)
                  20000040    00000008     rtsv7M4_T_le_v4SPD16_eabi.lib : _lock.obj (.data)
                  20000048    00000008                                   : exit.obj (.data)
                  20000050    00000004                                   : stkdepth_vars.obj (.data)

.TI.persistent 
*          0    20000000    00000000     UNINITIALIZED

.stack     0    2000fe00    00000200     UNINITIALIZED
                  2000fe00    00000200     --HOLE--


LINKER GENERATED COPY TABLES

__TI_cinit_table @ 00000ce4 records: 1, size/record: 8, table size: 8
	.data: load addr=00000cb8, load size=00000024 bytes, run addr=20000000, run size=00000054 bytes, compression=rle


LINKER GENERATED HANDLER TABLE

__TI_handler_table @ 00000cdc records: 2, size/record: 4, table size: 8
	index: 0, handler: __TI_decompress_rle24
	index: 1, handler: __TI_decompress_none


GLOBAL SYMBOLS: SORTED ALPHABETICALLY BY Name 

address   name                                
-------   ----                                
000009f1  C$$EXIT                             
00000685  CS_initClockSignal                  
00000ac5  CS_setDCOCenteredFrequency          
0000059d  CS_setDCOFrequency                  
00000a35  CS_tuneDCOFrequency                 
00000b4d  GPIO_clearInterruptFlag             
00000bad  GPIO_enableInterrupt                
00000a65  GPIO_getEnabledInterruptStatus      
00000b31  GPIO_getInputPinValue               
00000be9  GPIO_getInterruptStatus             
00000a95  GPIO_setAsInputPinWithPullUpResistor
00000ae9  GPIO_setAsOutputPin                 
00000bc1  GPIO_setOutputHighOnPin             
00000b65  GPIO_setOutputLowOnPin              
00000b0d  Interrupt_setPriority               
UNDEFED   SHT$$INIT_ARRAY$$Base               
UNDEFED   SHT$$INIT_ARRAY$$Limit              
4000480c  WDTCTL_SYM                          
00000b7d  WDT_A_holdTimer                     
20010000  __STACK_END                         
00000200  __STACK_SIZE                        
00000ce4  __TI_CINIT_Base                     
00000cec  __TI_CINIT_Limit                    
00000cdc  __TI_Handler_Table_Base             
00000ce4  __TI_Handler_Table_Limit            
0000087d  __TI_auto_init                      
20000048  __TI_cleanup_ptr                    
00000bf9  __TI_decompress_none                
00000c13  __TI_decompress_rle24               
2000004c  __TI_dtors_ptr                      
00000000  __TI_static_base__                  
00000801  __aeabi_memclr                      
00000801  __aeabi_memclr4                     
00000801  __aeabi_memclr8                     
00000765  __aeabi_memcpy                      
00000765  __aeabi_memcpy4                     
00000765  __aeabi_memcpy8                     
00000803  __aeabi_memset                      
00000803  __aeabi_memset4                     
00000803  __aeabi_memset8                     
ffffffff  __binit__                           
ffffffff  __c_args__                          
2000fe00  __stack                             
00000b95  _args_main                          
00000955  _c_int00                            
20000040  _lock                               
00000be3  _nop                                
00000bdb  _register_lock                      
00000bd5  _register_unlock                    
00000c19  _system_pre_init                    
20000044  _unlock                             
000009f5  abort                               
ffffffff  binit                               
20000034  black                               
20000018  button1                             
2000001c  button2                             
000009a5  copy_in                             
20000020  count                               
20000000  dcoFrequency                        
2000003c  delay                               
20000004  duty                                
20000008  duty_turnon                         
000009fd  exit                                
2000002c  flag                                
00000000  interruptVectors                    
2000000c  ir1                                 
20000010  line1                               
20000014  line3                               
00000141  main                                
20000050  main_func_sp                        
00000765  memcpy                              
20000028  memory                              
00000809  memset                              
000004e5  port6_isr                           
20000038  pressed                             
20000024  time                                
000004bf  timer_a_1_isr                       
00000c9c  upConfig                            
20000030  white                               


GLOBAL SYMBOLS: SORTED BY Symbol Address 

address   name                                
-------   ----                                
00000000  __TI_static_base__                  
00000000  interruptVectors                    
00000141  main                                
00000200  __STACK_SIZE                        
000004bf  timer_a_1_isr                       
000004e5  port6_isr                           
0000059d  CS_setDCOFrequency                  
00000685  CS_initClockSignal                  
00000765  __aeabi_memcpy                      
00000765  __aeabi_memcpy4                     
00000765  __aeabi_memcpy8                     
00000765  memcpy                              
00000801  __aeabi_memclr                      
00000801  __aeabi_memclr4                     
00000801  __aeabi_memclr8                     
00000803  __aeabi_memset                      
00000803  __aeabi_memset4                     
00000803  __aeabi_memset8                     
00000809  memset                              
0000087d  __TI_auto_init                      
00000955  _c_int00                            
000009a5  copy_in                             
000009f1  C$$EXIT                             
000009f5  abort                               
000009fd  exit                                
00000a35  CS_tuneDCOFrequency                 
00000a65  GPIO_getEnabledInterruptStatus      
00000a95  GPIO_setAsInputPinWithPullUpResistor
00000ac5  CS_setDCOCenteredFrequency          
00000ae9  GPIO_setAsOutputPin                 
00000b0d  Interrupt_setPriority               
00000b31  GPIO_getInputPinValue               
00000b4d  GPIO_clearInterruptFlag             
00000b65  GPIO_setOutputLowOnPin              
00000b7d  WDT_A_holdTimer                     
00000b95  _args_main                          
00000bad  GPIO_enableInterrupt                
00000bc1  GPIO_setOutputHighOnPin             
00000bd5  _register_unlock                    
00000bdb  _register_lock                      
00000be3  _nop                                
00000be9  GPIO_getInterruptStatus             
00000bf9  __TI_decompress_none                
00000c13  __TI_decompress_rle24               
00000c19  _system_pre_init                    
00000c9c  upConfig                            
00000cdc  __TI_Handler_Table_Base             
00000ce4  __TI_CINIT_Base                     
00000ce4  __TI_Handler_Table_Limit            
00000cec  __TI_CINIT_Limit                    
20000000  dcoFrequency                        
20000004  duty                                
20000008  duty_turnon                         
2000000c  ir1                                 
20000010  line1                               
20000014  line3                               
20000018  button1                             
2000001c  button2                             
20000020  count                               
20000024  time                                
20000028  memory                              
2000002c  flag                                
20000030  white                               
20000034  black                               
20000038  pressed                             
2000003c  delay                               
20000040  _lock                               
20000044  _unlock                             
20000048  __TI_cleanup_ptr                    
2000004c  __TI_dtors_ptr                      
20000050  main_func_sp                        
2000fe00  __stack                             
20010000  __STACK_END                         
4000480c  WDTCTL_SYM                          
ffffffff  __binit__                           
ffffffff  __c_args__                          
ffffffff  binit                               
UNDEFED   SHT$$INIT_ARRAY$$Base               
UNDEFED   SHT$$INIT_ARRAY$$Limit              

[79 symbols]
