<?xml version="1.0"?>
<link_info>
   <banner>TI ARM Linker PC v5.2.5</banner>
   <copyright>Copyright (c) 1996-2015 Texas Instruments Incorporated</copyright>
   <link_time>0x580e8d23</link_time>
   <link_errors>0x0</link_errors>
   <output_file>Lab6.out</output_file>
   <entry_point>
      <name>_c_int00</name>
      <address>0x3805</address>
   </entry_point>
   <input_file_list>
      <input_file id="fl-2">
         <path>.\</path>
         <kind>object</kind>
         <file>main.obj</file>
         <name>main.obj</name>
      </input_file>
      <input_file id="fl-3">
         <path>.\</path>
         <kind>object</kind>
         <file>msp432_startup_ccs.obj</file>
         <name>msp432_startup_ccs.obj</name>
      </input_file>
      <input_file id="fl-9">
         <path>..\</path>
         <kind>archive</kind>
         <file>msp432p4xx_driverlib.lib</file>
         <name>adc14.o</name>
      </input_file>
      <input_file id="fl-a">
         <path>..\</path>
         <kind>archive</kind>
         <file>msp432p4xx_driverlib.lib</file>
         <name>cs.o</name>
      </input_file>
      <input_file id="fl-b">
         <path>..\</path>
         <kind>archive</kind>
         <file>msp432p4xx_driverlib.lib</file>
         <name>flash.o</name>
      </input_file>
      <input_file id="fl-c">
         <path>..\</path>
         <kind>archive</kind>
         <file>msp432p4xx_driverlib.lib</file>
         <name>fpu.o</name>
      </input_file>
      <input_file id="fl-d">
         <path>..\</path>
         <kind>archive</kind>
         <file>msp432p4xx_driverlib.lib</file>
         <name>gpio.o</name>
      </input_file>
      <input_file id="fl-e">
         <path>..\</path>
         <kind>archive</kind>
         <file>msp432p4xx_driverlib.lib</file>
         <name>interrupt.o</name>
      </input_file>
      <input_file id="fl-f">
         <path>..\</path>
         <kind>archive</kind>
         <file>msp432p4xx_driverlib.lib</file>
         <name>sysctl.o</name>
      </input_file>
      <input_file id="fl-10">
         <path>..\</path>
         <kind>archive</kind>
         <file>msp432p4xx_driverlib.lib</file>
         <name>wdt_a.o</name>
      </input_file>
      <input_file id="fl-11">
         <path>..\</path>
         <kind>archive</kind>
         <file>msp432p4xx_driverlib.lib</file>
         <name>cpu.o</name>
      </input_file>
      <input_file id="fl-133">
         <path>C:\ti\ccsv6\tools\compiler\ti-cgt-arm_5.2.5\lib\</path>
         <kind>archive</kind>
         <file>rtsv7M4_T_le_v4SPD16_eabi.lib</file>
         <name>boot.obj</name>
      </input_file>
      <input_file id="fl-134">
         <path>C:\ti\ccsv6\tools\compiler\ti-cgt-arm_5.2.5\lib\</path>
         <kind>archive</kind>
         <file>rtsv7M4_T_le_v4SPD16_eabi.lib</file>
         <name>copy_decompress_none.obj</name>
      </input_file>
      <input_file id="fl-135">
         <path>C:\ti\ccsv6\tools\compiler\ti-cgt-arm_5.2.5\lib\</path>
         <kind>archive</kind>
         <file>rtsv7M4_T_le_v4SPD16_eabi.lib</file>
         <name>copy_decompress_rle.obj</name>
      </input_file>
      <input_file id="fl-136">
         <path>C:\ti\ccsv6\tools\compiler\ti-cgt-arm_5.2.5\lib\</path>
         <kind>archive</kind>
         <file>rtsv7M4_T_le_v4SPD16_eabi.lib</file>
         <name>copy_zero_init.obj</name>
      </input_file>
      <input_file id="fl-137">
         <path>C:\ti\ccsv6\tools\compiler\ti-cgt-arm_5.2.5\lib\</path>
         <kind>archive</kind>
         <file>rtsv7M4_T_le_v4SPD16_eabi.lib</file>
         <name>exit.obj</name>
      </input_file>
      <input_file id="fl-138">
         <path>C:\ti\ccsv6\tools\compiler\ti-cgt-arm_5.2.5\lib\</path>
         <kind>archive</kind>
         <file>rtsv7M4_T_le_v4SPD16_eabi.lib</file>
         <name>fs_tod_t2.obj</name>
      </input_file>
      <input_file id="fl-139">
         <path>C:\ti\ccsv6\tools\compiler\ti-cgt-arm_5.2.5\lib\</path>
         <kind>archive</kind>
         <file>rtsv7M4_T_le_v4SPD16_eabi.lib</file>
         <name>memcpy_t2.obj</name>
      </input_file>
      <input_file id="fl-13a">
         <path>C:\ti\ccsv6\tools\compiler\ti-cgt-arm_5.2.5\lib\</path>
         <kind>archive</kind>
         <file>rtsv7M4_T_le_v4SPD16_eabi.lib</file>
         <name>memset_t2.obj</name>
      </input_file>
      <input_file id="fl-13b">
         <path>C:\ti\ccsv6\tools\compiler\ti-cgt-arm_5.2.5\lib\</path>
         <kind>archive</kind>
         <file>rtsv7M4_T_le_v4SPD16_eabi.lib</file>
         <name>pre_init.obj</name>
      </input_file>
      <input_file id="fl-13c">
         <path>C:\ti\ccsv6\tools\compiler\ti-cgt-arm_5.2.5\lib\</path>
         <kind>archive</kind>
         <file>rtsv7M4_T_le_v4SPD16_eabi.lib</file>
         <name>printf.obj</name>
      </input_file>
      <input_file id="fl-13d">
         <path>C:\ti\ccsv6\tools\compiler\ti-cgt-arm_5.2.5\lib\</path>
         <kind>archive</kind>
         <file>rtsv7M4_T_le_v4SPD16_eabi.lib</file>
         <name>sprintf.obj</name>
      </input_file>
      <input_file id="fl-13e">
         <path>C:\ti\ccsv6\tools\compiler\ti-cgt-arm_5.2.5\lib\</path>
         <kind>archive</kind>
         <file>rtsv7M4_T_le_v4SPD16_eabi.lib</file>
         <name>stkdepth_vars.obj</name>
      </input_file>
      <input_file id="fl-13f">
         <path>C:\ti\ccsv6\tools\compiler\ti-cgt-arm_5.2.5\lib\</path>
         <kind>archive</kind>
         <file>rtsv7M4_T_le_v4SPD16_eabi.lib</file>
         <name>_lock.obj</name>
      </input_file>
      <input_file id="fl-140">
         <path>C:\ti\ccsv6\tools\compiler\ti-cgt-arm_5.2.5\lib\</path>
         <kind>archive</kind>
         <file>rtsv7M4_T_le_v4SPD16_eabi.lib</file>
         <name>_printfi.obj</name>
      </input_file>
      <input_file id="fl-141">
         <path>C:\ti\ccsv6\tools\compiler\ti-cgt-arm_5.2.5\lib\</path>
         <kind>archive</kind>
         <file>rtsv7M4_T_le_v4SPD16_eabi.lib</file>
         <name>args_main.obj</name>
      </input_file>
      <input_file id="fl-142">
         <path>C:\ti\ccsv6\tools\compiler\ti-cgt-arm_5.2.5\lib\</path>
         <kind>archive</kind>
         <file>rtsv7M4_T_le_v4SPD16_eabi.lib</file>
         <name>atoi.obj</name>
      </input_file>
      <input_file id="fl-143">
         <path>C:\ti\ccsv6\tools\compiler\ti-cgt-arm_5.2.5\lib\</path>
         <kind>archive</kind>
         <file>rtsv7M4_T_le_v4SPD16_eabi.lib</file>
         <name>autoinit.obj</name>
      </input_file>
      <input_file id="fl-144">
         <path>C:\ti\ccsv6\tools\compiler\ti-cgt-arm_5.2.5\lib\</path>
         <kind>archive</kind>
         <file>rtsv7M4_T_le_v4SPD16_eabi.lib</file>
         <name>cpy_tbl.obj</name>
      </input_file>
      <input_file id="fl-145">
         <path>C:\ti\ccsv6\tools\compiler\ti-cgt-arm_5.2.5\lib\</path>
         <kind>archive</kind>
         <file>rtsv7M4_T_le_v4SPD16_eabi.lib</file>
         <name>ctype.obj</name>
      </input_file>
      <input_file id="fl-146">
         <path>C:\ti\ccsv6\tools\compiler\ti-cgt-arm_5.2.5\lib\</path>
         <kind>archive</kind>
         <file>rtsv7M4_T_le_v4SPD16_eabi.lib</file>
         <name>defs.obj</name>
      </input_file>
      <input_file id="fl-147">
         <path>C:\ti\ccsv6\tools\compiler\ti-cgt-arm_5.2.5\lib\</path>
         <kind>archive</kind>
         <file>rtsv7M4_T_le_v4SPD16_eabi.lib</file>
         <name>fd_add_t2.obj</name>
      </input_file>
      <input_file id="fl-148">
         <path>C:\ti\ccsv6\tools\compiler\ti-cgt-arm_5.2.5\lib\</path>
         <kind>archive</kind>
         <file>rtsv7M4_T_le_v4SPD16_eabi.lib</file>
         <name>fd_cmp_t2.obj</name>
      </input_file>
      <input_file id="fl-149">
         <path>C:\ti\ccsv6\tools\compiler\ti-cgt-arm_5.2.5\lib\</path>
         <kind>archive</kind>
         <file>rtsv7M4_T_le_v4SPD16_eabi.lib</file>
         <name>fd_div_t2.obj</name>
      </input_file>
      <input_file id="fl-14a">
         <path>C:\ti\ccsv6\tools\compiler\ti-cgt-arm_5.2.5\lib\</path>
         <kind>archive</kind>
         <file>rtsv7M4_T_le_v4SPD16_eabi.lib</file>
         <name>fd_mul_t2.obj</name>
      </input_file>
      <input_file id="fl-14b">
         <path>C:\ti\ccsv6\tools\compiler\ti-cgt-arm_5.2.5\lib\</path>
         <kind>archive</kind>
         <file>rtsv7M4_T_le_v4SPD16_eabi.lib</file>
         <name>fd_toi_t2.obj</name>
      </input_file>
      <input_file id="fl-14c">
         <path>C:\ti\ccsv6\tools\compiler\ti-cgt-arm_5.2.5\lib\</path>
         <kind>archive</kind>
         <file>rtsv7M4_T_le_v4SPD16_eabi.lib</file>
         <name>fputc.obj</name>
      </input_file>
      <input_file id="fl-14d">
         <path>C:\ti\ccsv6\tools\compiler\ti-cgt-arm_5.2.5\lib\</path>
         <kind>archive</kind>
         <file>rtsv7M4_T_le_v4SPD16_eabi.lib</file>
         <name>fputs.obj</name>
      </input_file>
      <input_file id="fl-14e">
         <path>C:\ti\ccsv6\tools\compiler\ti-cgt-arm_5.2.5\lib\</path>
         <kind>archive</kind>
         <file>rtsv7M4_T_le_v4SPD16_eabi.lib</file>
         <name>frexp.obj</name>
      </input_file>
      <input_file id="fl-14f">
         <path>C:\ti\ccsv6\tools\compiler\ti-cgt-arm_5.2.5\lib\</path>
         <kind>archive</kind>
         <file>rtsv7M4_T_le_v4SPD16_eabi.lib</file>
         <name>i_tofd_t2.obj</name>
      </input_file>
      <input_file id="fl-150">
         <path>C:\ti\ccsv6\tools\compiler\ti-cgt-arm_5.2.5\lib\</path>
         <kind>archive</kind>
         <file>rtsv7M4_T_le_v4SPD16_eabi.lib</file>
         <name>ldexp.obj</name>
      </input_file>
      <input_file id="fl-151">
         <path>C:\ti\ccsv6\tools\compiler\ti-cgt-arm_5.2.5\lib\</path>
         <kind>archive</kind>
         <file>rtsv7M4_T_le_v4SPD16_eabi.lib</file>
         <name>lowlev.obj</name>
      </input_file>
      <input_file id="fl-152">
         <path>C:\ti\ccsv6\tools\compiler\ti-cgt-arm_5.2.5\lib\</path>
         <kind>archive</kind>
         <file>rtsv7M4_T_le_v4SPD16_eabi.lib</file>
         <name>ltoa.obj</name>
      </input_file>
      <input_file id="fl-153">
         <path>C:\ti\ccsv6\tools\compiler\ti-cgt-arm_5.2.5\lib\</path>
         <kind>archive</kind>
         <file>rtsv7M4_T_le_v4SPD16_eabi.lib</file>
         <name>memccpy.obj</name>
      </input_file>
      <input_file id="fl-154">
         <path>C:\ti\ccsv6\tools\compiler\ti-cgt-arm_5.2.5\lib\</path>
         <kind>archive</kind>
         <file>rtsv7M4_T_le_v4SPD16_eabi.lib</file>
         <name>memchr.obj</name>
      </input_file>
      <input_file id="fl-155">
         <path>C:\ti\ccsv6\tools\compiler\ti-cgt-arm_5.2.5\lib\</path>
         <kind>archive</kind>
         <file>rtsv7M4_T_le_v4SPD16_eabi.lib</file>
         <name>strchr.obj</name>
      </input_file>
      <input_file id="fl-156">
         <path>C:\ti\ccsv6\tools\compiler\ti-cgt-arm_5.2.5\lib\</path>
         <kind>archive</kind>
         <file>rtsv7M4_T_le_v4SPD16_eabi.lib</file>
         <name>strcmp.obj</name>
      </input_file>
      <input_file id="fl-157">
         <path>C:\ti\ccsv6\tools\compiler\ti-cgt-arm_5.2.5\lib\</path>
         <kind>archive</kind>
         <file>rtsv7M4_T_le_v4SPD16_eabi.lib</file>
         <name>strlen.obj</name>
      </input_file>
      <input_file id="fl-158">
         <path>C:\ti\ccsv6\tools\compiler\ti-cgt-arm_5.2.5\lib\</path>
         <kind>archive</kind>
         <file>rtsv7M4_T_le_v4SPD16_eabi.lib</file>
         <name>strncpy.obj</name>
      </input_file>
      <input_file id="fl-159">
         <path>C:\ti\ccsv6\tools\compiler\ti-cgt-arm_5.2.5\lib\</path>
         <kind>archive</kind>
         <file>rtsv7M4_T_le_v4SPD16_eabi.lib</file>
         <name>trgdrv.obj</name>
      </input_file>
      <input_file id="fl-15a">
         <path>C:\ti\ccsv6\tools\compiler\ti-cgt-arm_5.2.5\lib\</path>
         <kind>archive</kind>
         <file>rtsv7M4_T_le_v4SPD16_eabi.lib</file>
         <name>trgmsg.obj</name>
      </input_file>
      <input_file id="fl-15b">
         <path>C:\ti\ccsv6\tools\compiler\ti-cgt-arm_5.2.5\lib\</path>
         <kind>archive</kind>
         <file>rtsv7M4_T_le_v4SPD16_eabi.lib</file>
         <name>ull_div_t2.obj</name>
      </input_file>
      <input_file id="fl-15c">
         <path>C:\ti\ccsv6\tools\compiler\ti-cgt-arm_5.2.5\lib\</path>
         <kind>archive</kind>
         <file>rtsv7M4_T_le_v4SPD16_eabi.lib</file>
         <name>xdclass.obj</name>
      </input_file>
      <input_file id="fl-15d">
         <path>C:\ti\ccsv6\tools\compiler\ti-cgt-arm_5.2.5\lib\</path>
         <kind>archive</kind>
         <file>rtsv7M4_T_le_v4SPD16_eabi.lib</file>
         <name>xdscale.obj</name>
      </input_file>
      <input_file id="fl-15e">
         <path>C:\ti\ccsv6\tools\compiler\ti-cgt-arm_5.2.5\lib\</path>
         <kind>archive</kind>
         <file>rtsv7M4_T_le_v4SPD16_eabi.lib</file>
         <name>xdunscal.obj</name>
      </input_file>
      <input_file id="fl-15f">
         <path>C:\ti\ccsv6\tools\compiler\ti-cgt-arm_5.2.5\lib\</path>
         <kind>archive</kind>
         <file>rtsv7M4_T_le_v4SPD16_eabi.lib</file>
         <name>xferaise.obj</name>
      </input_file>
      <input_file id="fl-160">
         <path>C:\ti\ccsv6\tools\compiler\ti-cgt-arm_5.2.5\lib\</path>
         <kind>archive</kind>
         <file>rtsv7M4_T_le_v4SPD16_eabi.lib</file>
         <name>xvalues.obj</name>
      </input_file>
      <input_file id="fl-161">
         <path>C:\ti\ccsv6\tools\compiler\ti-cgt-arm_5.2.5\lib\</path>
         <kind>archive</kind>
         <file>rtsv7M4_T_le_v4SPD16_eabi.lib</file>
         <name>_io_perm.obj</name>
      </input_file>
      <input_file id="fl-162">
         <path>C:\ti\ccsv6\tools\compiler\ti-cgt-arm_5.2.5\lib\</path>
         <kind>archive</kind>
         <file>rtsv7M4_T_le_v4SPD16_eabi.lib</file>
         <name>errno.obj</name>
      </input_file>
      <input_file id="fl-163">
         <path>C:\ti\ccsv6\tools\compiler\ti-cgt-arm_5.2.5\lib\</path>
         <kind>archive</kind>
         <file>rtsv7M4_T_le_v4SPD16_eabi.lib</file>
         <name>feraiseexcept.obj</name>
      </input_file>
      <input_file id="fl-164">
         <path>C:\ti\ccsv6\tools\compiler\ti-cgt-arm_5.2.5\lib\</path>
         <kind>archive</kind>
         <file>rtsv7M4_T_le_v4SPD16_eabi.lib</file>
         <name>fflush.obj</name>
      </input_file>
      <input_file id="fl-165">
         <path>C:\ti\ccsv6\tools\compiler\ti-cgt-arm_5.2.5\lib\</path>
         <kind>archive</kind>
         <file>rtsv7M4_T_le_v4SPD16_eabi.lib</file>
         <name>fseek.obj</name>
      </input_file>
      <input_file id="fl-166">
         <path>C:\ti\ccsv6\tools\compiler\ti-cgt-arm_5.2.5\lib\</path>
         <kind>archive</kind>
         <file>rtsv7M4_T_le_v4SPD16_eabi.lib</file>
         <name>raise.obj</name>
      </input_file>
      <input_file id="fl-167">
         <path>C:\ti\ccsv6\tools\compiler\ti-cgt-arm_5.2.5\lib\</path>
         <kind>archive</kind>
         <file>rtsv7M4_T_le_v4SPD16_eabi.lib</file>
         <name>setvbuf.obj</name>
      </input_file>
      <input_file id="fl-168">
         <path>C:\ti\ccsv6\tools\compiler\ti-cgt-arm_5.2.5\lib\</path>
         <kind>archive</kind>
         <file>rtsv7M4_T_le_v4SPD16_eabi.lib</file>
         <name>signal.obj</name>
      </input_file>
      <input_file id="fl-169">
         <path>C:\ti\ccsv6\tools\compiler\ti-cgt-arm_5.2.5\lib\</path>
         <kind>archive</kind>
         <file>rtsv7M4_T_le_v4SPD16_eabi.lib</file>
         <name>strcpy.obj</name>
      </input_file>
      <input_file id="fl-16a">
         <path>C:\ti\ccsv6\tools\compiler\ti-cgt-arm_5.2.5\lib\</path>
         <kind>archive</kind>
         <file>rtsv7M4_T_le_v4SPD16_eabi.lib</file>
         <name>xdnorm.obj</name>
      </input_file>
      <input_file id="fl-16b">
         <path>C:\ti\ccsv6\tools\compiler\ti-cgt-arm_5.2.5\lib\</path>
         <kind>archive</kind>
         <file>rtsv7M4_T_le_v4SPD16_eabi.lib</file>
         <name>fopen.obj</name>
      </input_file>
      <input_file id="fl-16c">
         <path>C:\ti\ccsv6\tools\compiler\ti-cgt-arm_5.2.5\lib\</path>
         <kind>archive</kind>
         <file>rtsv7M4_T_le_v4SPD16_eabi.lib</file>
         <name>memory.obj</name>
      </input_file>
      <input_file id="fl-16d">
         <path>C:\ti\ccsv6\tools\compiler\ti-cgt-arm_5.2.5\lib\</path>
         <kind>archive</kind>
         <file>rtsv7M4_T_le_v4SPD16_eabi.lib</file>
         <name>fclose.obj</name>
      </input_file>
      <input_file id="fl-16e">
         <path>C:\ti\ccsv6\tools\compiler\ti-cgt-arm_5.2.5\lib\</path>
         <kind>archive</kind>
         <file>rtsv7M4_T_le_v4SPD16_eabi.lib</file>
         <name>remove.obj</name>
      </input_file>
   </input_file_list>
   <object_component_list>
      <object_component id="oc-27">
         <name>.intvecs:retain</name>
         <load_address>0x0</load_address>
         <run_address>0x0</run_address>
         <size>0x140</size>
         <input_file_ref idref="fl-3"/>
      </object_component>
      <object_component id="oc-189">
         <name>.text</name>
         <load_address>0x140</load_address>
         <run_address>0x140</run_address>
         <size>0x10ba</size>
         <input_file_ref idref="fl-140"/>
      </object_component>
      <object_component id="oc-75">
         <name>.text</name>
         <load_address>0x11fc</load_address>
         <run_address>0x11fc</run_address>
         <size>0x3f0</size>
         <input_file_ref idref="fl-2"/>
      </object_component>
      <object_component id="oc-342">
         <name>.text</name>
         <load_address>0x15ec</load_address>
         <run_address>0x15ec</run_address>
         <size>0x3dc</size>
         <input_file_ref idref="fl-16c"/>
      </object_component>
      <object_component id="oc-27b">
         <name>.text</name>
         <load_address>0x19c8</load_address>
         <run_address>0x19c8</run_address>
         <size>0x30c</size>
         <input_file_ref idref="fl-151"/>
      </object_component>
      <object_component id="oc-35f">
         <name>.text</name>
         <load_address>0x1cd4</load_address>
         <run_address>0x1cd4</run_address>
         <size>0x2d4</size>
         <input_file_ref idref="fl-159"/>
      </object_component>
      <object_component id="oc-201">
         <name>.text</name>
         <load_address>0x1fa8</load_address>
         <run_address>0x1fa8</run_address>
         <size>0x1f4</size>
         <input_file_ref idref="fl-15b"/>
      </object_component>
      <object_component id="oc-348">
         <name>.text</name>
         <load_address>0x219c</load_address>
         <run_address>0x219c</run_address>
         <size>0x1c4</size>
         <input_file_ref idref="fl-16b"/>
      </object_component>
      <object_component id="oc-230">
         <name>.text</name>
         <load_address>0x2360</load_address>
         <run_address>0x2360</run_address>
         <size>0x1b6</size>
         <input_file_ref idref="fl-147"/>
      </object_component>
      <object_component id="oc-197">
         <name>.text:_getIndexForMemRegister</name>
         <load_address>0x2518</load_address>
         <run_address>0x2518</run_address>
         <size>0x154</size>
         <input_file_ref idref="fl-9"/>
      </object_component>
      <object_component id="oc-216">
         <name>.text</name>
         <load_address>0x266c</load_address>
         <run_address>0x266c</run_address>
         <size>0x136</size>
         <input_file_ref idref="fl-149"/>
      </object_component>
      <object_component id="oc-1a7">
         <name>.text</name>
         <load_address>0x27a4</load_address>
         <run_address>0x27a4</run_address>
         <size>0x134</size>
         <input_file_ref idref="fl-14d"/>
      </object_component>
      <object_component id="oc-2c1">
         <name>.text</name>
         <load_address>0x28d8</load_address>
         <run_address>0x28d8</run_address>
         <size>0x110</size>
         <input_file_ref idref="fl-15d"/>
      </object_component>
      <object_component id="oc-211">
         <name>.text</name>
         <load_address>0x29e8</load_address>
         <run_address>0x29e8</run_address>
         <size>0xfc</size>
         <input_file_ref idref="fl-14a"/>
      </object_component>
      <object_component id="oc-c3">
         <name>.text:CS_setDCOFrequency</name>
         <load_address>0x2ae4</load_address>
         <run_address>0x2ae4</run_address>
         <size>0xe8</size>
         <input_file_ref idref="fl-a"/>
      </object_component>
      <object_component id="oc-c9">
         <name>.text:CS_initClockSignal</name>
         <load_address>0x2bcc</load_address>
         <run_address>0x2bcc</run_address>
         <size>0xe0</size>
         <input_file_ref idref="fl-a"/>
      </object_component>
      <object_component id="oc-2e7">
         <name>.text</name>
         <load_address>0x2cac</load_address>
         <run_address>0x2cac</run_address>
         <size>0xdc</size>
         <input_file_ref idref="fl-167"/>
      </object_component>
      <object_component id="oc-275">
         <name>.text</name>
         <load_address>0x2d88</load_address>
         <run_address>0x2d88</run_address>
         <size>0xc8</size>
         <input_file_ref idref="fl-164"/>
      </object_component>
      <object_component id="oc-31a">
         <name>.text</name>
         <load_address>0x2e50</load_address>
         <run_address>0x2e50</run_address>
         <size>0xbe</size>
         <input_file_ref idref="fl-16a"/>
      </object_component>
      <object_component id="oc-26f">
         <name>.text</name>
         <load_address>0x2f0e</load_address>
         <run_address>0x2f0e</run_address>
         <size>0xac</size>
         <input_file_ref idref="fl-161"/>
      </object_component>
      <object_component id="oc-2e">
         <name>.text</name>
         <load_address>0x2fba</load_address>
         <run_address>0x2fba</run_address>
         <size>0x9c</size>
         <input_file_ref idref="fl-139"/>
      </object_component>
      <object_component id="oc-391">
         <name>.text</name>
         <load_address>0x3058</load_address>
         <run_address>0x3058</run_address>
         <size>0x98</size>
         <input_file_ref idref="fl-16d"/>
      </object_component>
      <object_component id="oc-1a1">
         <name>.text</name>
         <load_address>0x30f0</load_address>
         <run_address>0x30f0</run_address>
         <size>0x98</size>
         <input_file_ref idref="fl-14c"/>
      </object_component>
      <object_component id="oc-1c0">
         <name>.text:_FlashCtl_Program32</name>
         <load_address>0x3188</load_address>
         <run_address>0x3188</run_address>
         <size>0x88</size>
         <input_file_ref idref="fl-b"/>
      </object_component>
      <object_component id="oc-20c">
         <name>.text:__aeabi_cdcmple</name>
         <load_address>0x3210</load_address>
         <run_address>0x3210</run_address>
         <size>0x86</size>
         <input_file_ref idref="fl-148"/>
      </object_component>
      <object_component id="oc-21b">
         <name>.text:__aeabi_cdrcmple</name>
         <load_address>0x3296</load_address>
         <run_address>0x3296</run_address>
         <size>0x86</size>
         <input_file_ref idref="fl-148"/>
      </object_component>
      <object_component id="oc-1ba">
         <name>.text:_FlashCtl_Program8</name>
         <load_address>0x331c</load_address>
         <run_address>0x331c</run_address>
         <size>0x80</size>
         <input_file_ref idref="fl-b"/>
      </object_component>
      <object_component id="oc-47">
         <name>.text</name>
         <load_address>0x339c</load_address>
         <run_address>0x339c</run_address>
         <size>0x7a</size>
         <input_file_ref idref="fl-13a"/>
      </object_component>
      <object_component id="oc-10a">
         <name>.text</name>
         <load_address>0x3418</load_address>
         <run_address>0x3418</run_address>
         <size>0x70</size>
         <input_file_ref idref="fl-13c"/>
      </object_component>
      <object_component id="oc-59">
         <name>.text</name>
         <load_address>0x3488</load_address>
         <run_address>0x3488</run_address>
         <size>0x6c</size>
         <input_file_ref idref="fl-143"/>
      </object_component>
      <object_component id="oc-116">
         <name>.text:FlashCtl_programMemory</name>
         <load_address>0x34f4</load_address>
         <run_address>0x34f4</run_address>
         <size>0x6a</size>
         <input_file_ref idref="fl-b"/>
      </object_component>
      <object_component id="oc-3a">
         <name>.text</name>
         <load_address>0x355e</load_address>
         <run_address>0x355e</run_address>
         <size>0x6a</size>
         <input_file_ref idref="fl-135"/>
      </object_component>
      <object_component id="oc-3a0">
         <name>.text</name>
         <load_address>0x35c8</load_address>
         <run_address>0x35c8</run_address>
         <size>0x68</size>
         <input_file_ref idref="fl-15a"/>
      </object_component>
      <object_component id="oc-2b9">
         <name>.text</name>
         <load_address>0x3630</load_address>
         <run_address>0x3630</run_address>
         <size>0x66</size>
         <input_file_ref idref="fl-15e"/>
      </object_component>
      <object_component id="oc-2e1">
         <name>.text</name>
         <load_address>0x3698</load_address>
         <run_address>0x3698</run_address>
         <size>0x64</size>
         <input_file_ref idref="fl-165"/>
      </object_component>
      <object_component id="oc-f8">
         <name>.text</name>
         <load_address>0x36fc</load_address>
         <run_address>0x36fc</run_address>
         <size>0x60</size>
         <input_file_ref idref="fl-13d"/>
      </object_component>
      <object_component id="oc-225">
         <name>.text</name>
         <load_address>0x375c</load_address>
         <run_address>0x375c</run_address>
         <size>0x56</size>
         <input_file_ref idref="fl-152"/>
      </object_component>
      <object_component id="oc-23b">
         <name>.text</name>
         <load_address>0x37b2</load_address>
         <run_address>0x37b2</run_address>
         <size>0x52</size>
         <input_file_ref idref="fl-150"/>
      </object_component>
      <object_component id="oc-22">
         <name>.text</name>
         <load_address>0x3804</load_address>
         <run_address>0x3804</run_address>
         <size>0x50</size>
         <input_file_ref idref="fl-133"/>
      </object_component>
      <object_component id="oc-e1">
         <name>.text:GPIO_setAsPeripheralModuleFunctionInputPin</name>
         <load_address>0x3854</load_address>
         <run_address>0x3854</run_address>
         <size>0x4c</size>
         <input_file_ref idref="fl-d"/>
      </object_component>
      <object_component id="oc-253">
         <name>.text</name>
         <load_address>0x38a0</load_address>
         <run_address>0x38a0</run_address>
         <size>0x4c</size>
         <input_file_ref idref="fl-142"/>
      </object_component>
      <object_component id="oc-9b">
         <name>.text</name>
         <load_address>0x38ec</load_address>
         <run_address>0x38ec</run_address>
         <size>0x4c</size>
         <input_file_ref idref="fl-144"/>
      </object_component>
      <object_component id="oc-220">
         <name>.text</name>
         <load_address>0x3938</load_address>
         <run_address>0x3938</run_address>
         <size>0x48</size>
         <input_file_ref idref="fl-14b"/>
      </object_component>
      <object_component id="oc-65">
         <name>.text</name>
         <load_address>0x3980</load_address>
         <run_address>0x3980</run_address>
         <size>0x44</size>
         <input_file_ref idref="fl-137"/>
      </object_component>
      <object_component id="oc-3b7">
         <name>.text</name>
         <load_address>0x39c4</load_address>
         <run_address>0x39c4</run_address>
         <size>0x40</size>
         <input_file_ref idref="fl-168"/>
      </object_component>
      <object_component id="oc-29e">
         <name>.text:FlashCtl_clearProgramVerification</name>
         <load_address>0x3a04</load_address>
         <run_address>0x3a04</run_address>
         <size>0x3c</size>
         <input_file_ref idref="fl-b"/>
      </object_component>
      <object_component id="oc-298">
         <name>.text:FlashCtl_setProgramVerification</name>
         <load_address>0x3a40</load_address>
         <run_address>0x3a40</run_address>
         <size>0x38</size>
         <input_file_ref idref="fl-b"/>
      </object_component>
      <object_component id="oc-f3">
         <name>.text</name>
         <load_address>0x3a78</load_address>
         <run_address>0x3a78</run_address>
         <size>0x38</size>
         <input_file_ref idref="fl-138"/>
      </object_component>
      <object_component id="oc-329">
         <name>.text</name>
         <load_address>0x3ab0</load_address>
         <run_address>0x3ab0</run_address>
         <size>0x34</size>
         <input_file_ref idref="fl-163"/>
      </object_component>
      <object_component id="oc-177">
         <name>.text:CS_tuneDCOFrequency</name>
         <load_address>0x3ae4</load_address>
         <run_address>0x3ae4</run_address>
         <size>0x30</size>
         <input_file_ref idref="fl-a"/>
      </object_component>
      <object_component id="oc-d5">
         <name>.text:GPIO_setAsInputPinWithPullUpResistor</name>
         <load_address>0x3b14</load_address>
         <run_address>0x3b14</run_address>
         <size>0x30</size>
         <input_file_ref idref="fl-d"/>
      </object_component>
      <object_component id="oc-2fa">
         <name>.text</name>
         <load_address>0x3b44</load_address>
         <run_address>0x3b44</run_address>
         <size>0x30</size>
         <input_file_ref idref="fl-158"/>
      </object_component>
      <object_component id="oc-247">
         <name>.text</name>
         <load_address>0x3b74</load_address>
         <run_address>0x3b74</run_address>
         <size>0x30</size>
         <input_file_ref idref="fl-15c"/>
      </object_component>
      <object_component id="oc-2c7">
         <name>.text</name>
         <load_address>0x3ba4</load_address>
         <run_address>0x3ba4</run_address>
         <size>0x30</size>
         <input_file_ref idref="fl-15f"/>
      </object_component>
      <object_component id="oc-22b">
         <name>.text</name>
         <load_address>0x3bd4</load_address>
         <run_address>0x3bd4</run_address>
         <size>0x2e</size>
         <input_file_ref idref="fl-14f"/>
      </object_component>
      <object_component id="oc-37d">
         <name>.text</name>
         <load_address>0x3c02</load_address>
         <run_address>0x3c02</run_address>
         <size>0x2e</size>
         <input_file_ref idref="fl-166"/>
      </object_component>
      <object_component id="oc-235">
         <name>.text</name>
         <load_address>0x3c30</load_address>
         <run_address>0x3c30</run_address>
         <size>0x2a</size>
         <input_file_ref idref="fl-14e"/>
      </object_component>
      <object_component id="oc-110">
         <name>.text:FlashCtl_eraseSector</name>
         <load_address>0x3c5c</load_address>
         <run_address>0x3c5c</run_address>
         <size>0x28</size>
         <input_file_ref idref="fl-b"/>
      </object_component>
      <object_component id="oc-171">
         <name>.text:CS_setDCOCenteredFrequency</name>
         <load_address>0x3c84</load_address>
         <run_address>0x3c84</run_address>
         <size>0x24</size>
         <input_file_ref idref="fl-a"/>
      </object_component>
      <object_component id="oc-b1">
         <name>.text:GPIO_setAsOutputPin</name>
         <load_address>0x3ca8</load_address>
         <run_address>0x3ca8</run_address>
         <size>0x24</size>
         <input_file_ref idref="fl-d"/>
      </object_component>
      <object_component id="oc-1b4">
         <name>.text:FlashCtl_enableWordProgramming</name>
         <load_address>0x3ccc</load_address>
         <run_address>0x3ccc</run_address>
         <size>0x20</size>
         <input_file_ref idref="fl-b"/>
      </object_component>
      <object_component id="oc-283">
         <name>.text</name>
         <load_address>0x3cec</load_address>
         <run_address>0x3cec</run_address>
         <size>0x20</size>
         <input_file_ref idref="fl-154"/>
      </object_component>
      <object_component id="oc-ed">
         <name>.text:GPIO_getInputPinValue</name>
         <load_address>0x3d0c</load_address>
         <run_address>0x3d0c</run_address>
         <size>0x1c</size>
         <input_file_ref idref="fl-d"/>
      </object_component>
      <object_component id="oc-24d">
         <name>.text</name>
         <load_address>0x3d28</load_address>
         <run_address>0x3d28</run_address>
         <size>0x1c</size>
         <input_file_ref idref="fl-153"/>
      </object_component>
      <object_component id="oc-104">
         <name>.text:ADC14_getResult</name>
         <load_address>0x3d44</load_address>
         <run_address>0x3d44</run_address>
         <size>0x18</size>
         <input_file_ref idref="fl-9"/>
      </object_component>
      <object_component id="oc-db">
         <name>.text:GPIO_setOutputLowOnPin</name>
         <load_address>0x3d5c</load_address>
         <run_address>0x3d5c</run_address>
         <size>0x18</size>
         <input_file_ref idref="fl-d"/>
      </object_component>
      <object_component id="oc-bd">
         <name>.text:WDT_A_holdTimer</name>
         <load_address>0x3d74</load_address>
         <run_address>0x3d74</run_address>
         <size>0x18</size>
         <input_file_ref idref="fl-10"/>
      </object_component>
      <object_component id="oc-5f">
         <name>.text</name>
         <load_address>0x3d8c</load_address>
         <run_address>0x3d8c</run_address>
         <size>0x18</size>
         <input_file_ref idref="fl-141"/>
      </object_component>
      <object_component id="oc-2f4">
         <name>.text</name>
         <load_address>0x3da4</load_address>
         <run_address>0x3da4</run_address>
         <size>0x18</size>
         <input_file_ref idref="fl-156"/>
      </object_component>
      <object_component id="oc-241">
         <name>.text</name>
         <load_address>0x3dbc</load_address>
         <run_address>0x3dbc</run_address>
         <size>0x16</size>
         <input_file_ref idref="fl-155"/>
      </object_component>
      <object_component id="oc-fe">
         <name>.text:ADC14_isBusy</name>
         <load_address>0x3dd4</load_address>
         <run_address>0x3dd4</run_address>
         <size>0x14</size>
         <input_file_ref idref="fl-9"/>
      </object_component>
      <object_component id="oc-e7">
         <name>.text:ADC14_setResolution</name>
         <load_address>0x3de8</load_address>
         <run_address>0x3de8</run_address>
         <size>0x14</size>
         <input_file_ref idref="fl-9"/>
      </object_component>
      <object_component id="oc-cf">
         <name>.text:FPU_enableModule</name>
         <load_address>0x3dfc</load_address>
         <run_address>0x3dfc</run_address>
         <size>0x14</size>
         <input_file_ref idref="fl-c"/>
      </object_component>
      <object_component id="oc-b7">
         <name>.text:GPIO_setOutputHighOnPin</name>
         <load_address>0x3e10</load_address>
         <run_address>0x3e10</run_address>
         <size>0x14</size>
         <input_file_ref idref="fl-d"/>
      </object_component>
      <object_component id="oc-15c">
         <name>.text</name>
         <load_address>0x3e24</load_address>
         <run_address>0x3e24</run_address>
         <size>0x14</size>
         <input_file_ref idref="fl-13f"/>
      </object_component>
      <object_component id="oc-3a6">
         <name>.text</name>
         <load_address>0x3e38</load_address>
         <run_address>0x3e38</run_address>
         <size>0x14</size>
         <input_file_ref idref="fl-169"/>
      </object_component>
      <object_component id="oc-206">
         <name>.text</name>
         <load_address>0x3e4c</load_address>
         <run_address>0x3e4c</run_address>
         <size>0x14</size>
         <input_file_ref idref="fl-157"/>
      </object_component>
      <object_component id="oc-10">
         <name>.text:decompress:none</name>
         <load_address>0x3e60</load_address>
         <run_address>0x3e60</run_address>
         <size>0xe</size>
         <input_file_ref idref="fl-134"/>
      </object_component>
      <object_component id="oc-1c6">
         <name>.text:FlashCtl_disableWordProgramming</name>
         <load_address>0x3e70</load_address>
         <run_address>0x3e70</run_address>
         <size>0xc</size>
         <input_file_ref idref="fl-b"/>
      </object_component>
      <object_component id="oc-2a4">
         <name>.text:FlashCtl_getInterruptStatus</name>
         <load_address>0x3e7c</load_address>
         <run_address>0x3e7c</run_address>
         <size>0xc</size>
         <input_file_ref idref="fl-b"/>
      </object_component>
      <object_component id="oc-1c">
         <name>.text:decompress:ZI</name>
         <load_address>0x3e88</load_address>
         <run_address>0x3e88</run_address>
         <size>0xc</size>
         <input_file_ref idref="fl-136"/>
      </object_component>
      <object_component id="oc-6f">
         <name>.text</name>
         <load_address>0x3e94</load_address>
         <run_address>0x3e94</run_address>
         <size>0xc</size>
         <input_file_ref idref="fl-3"/>
      </object_component>
      <object_component id="oc-16">
         <name>.text:decompress:rle24</name>
         <load_address>0x3ea0</load_address>
         <run_address>0x3ea0</run_address>
         <size>0x6</size>
         <input_file_ref idref="fl-135"/>
      </object_component>
      <object_component id="oc-53">
         <name>.text</name>
         <load_address>0x3ea6</load_address>
         <run_address>0x3ea6</run_address>
         <size>0x4</size>
         <input_file_ref idref="fl-13b"/>
      </object_component>
      <object_component id="oc-2d5">
         <name>.const:.string:_ctypes_</name>
         <load_address>0x3eac</load_address>
         <run_address>0x3eac</run_address>
         <size>0x101</size>
         <input_file_ref idref="fl-145"/>
      </object_component>
      <object_component id="oc-19d">
         <name>.const:_ctlRegs</name>
         <load_address>0x3fb0</load_address>
         <run_address>0x3fb0</run_address>
         <size>0x80</size>
         <input_file_ref idref="fl-9"/>
      </object_component>
      <object_component id="oc-16a">
         <name>.const:GPIO_PORT_TO_BASE</name>
         <load_address>0x4030</load_address>
         <run_address>0x4030</run_address>
         <size>0x30</size>
         <input_file_ref idref="fl-d"/>
      </object_component>
      <object_component id="oc-11f">
         <name>.const:UART_init</name>
         <load_address>0x4060</load_address>
         <run_address>0x4060</run_address>
         <size>0x24</size>
         <input_file_ref idref="fl-2"/>
      </object_component>
      <object_component id="oc-122">
         <name>.const</name>
         <load_address>0x4084</load_address>
         <run_address>0x4084</run_address>
         <size>0x18</size>
         <input_file_ref idref="fl-2"/>
      </object_component>
      <object_component id="oc-41a">
         <name>.cinit..data.load</name>
         <load_address>0x40a0</load_address>
         <run_address>0x40a0</run_address>
         <size>0xb5</size>
      </object_component>
      <object_component id="oc-418">
         <name>__TI_handler_table</name>
         <load_address>0x4158</load_address>
         <run_address>0x4158</run_address>
         <size>0xc</size>
      </object_component>
      <object_component id="oc-41b">
         <name>.cinit..bss.load</name>
         <load_address>0x4168</load_address>
         <run_address>0x4168</run_address>
         <size>0x8</size>
      </object_component>
      <object_component id="oc-419">
         <name>__TI_cinit_table</name>
         <load_address>0x4170</load_address>
         <run_address>0x4170</run_address>
         <size>0x10</size>
      </object_component>
      <object_component id="oc-2b">
         <name>.sysmem</name>
         <uninitialized>true</uninitialized>
         <run_address>0x20000428</run_address>
         <size>0x8</size>
         <input_file_ref idref="fl-16c"/>
      </object_component>
      <object_component id="oc-41d">
         <name>.sysmem</name>
         <uninitialized>true</uninitialized>
         <run_address>0x20000428</run_address>
         <size>0x0</size>
      </object_component>
      <object_component id="oc-2a">
         <name>.stack</name>
         <uninitialized>true</uninitialized>
         <run_address>0x2000fe00</run_address>
         <size>0x0</size>
         <input_file_ref idref="fl-133"/>
      </object_component>
      <object_component id="oc-41c">
         <name>.stack</name>
         <uninitialized>true</uninitialized>
         <run_address>0x2000fe00</run_address>
         <size>0x0</size>
      </object_component>
      <object_component id="oc-12b">
         <name>.bss:allMeas</name>
         <uninitialized>true</uninitialized>
         <run_address>0x20000000</run_address>
         <size>0x1e0</size>
         <input_file_ref idref="fl-2"/>
      </object_component>
      <object_component id="oc-125">
         <name>.bss:string_from_flash</name>
         <uninitialized>true</uninitialized>
         <run_address>0x200003a0</run_address>
         <size>0x78</size>
         <input_file_ref idref="fl-2"/>
      </object_component>
      <object_component id="oc-3ca">
         <name>.bss:__TI_tmpnams</name>
         <uninitialized>true</uninitialized>
         <run_address>0x20000300</run_address>
         <size>0xa0</size>
         <input_file_ref idref="fl-146"/>
      </object_component>
      <object_component id="oc-3d1">
         <name>.bss:__CIOBUF_</name>
         <uninitialized>true</uninitialized>
         <run_address>0x200001e0</run_address>
         <size>0x120</size>
         <input_file_ref idref="fl-15a"/>
      </object_component>
      <object_component id="oc-128">
         <name>.common:toprint</name>
         <uninitialized>true</uninitialized>
         <run_address>0x20000420</run_address>
         <size>0x1</size>
      </object_component>
      <object_component id="oc-3ac">
         <name>.common:parmbuf</name>
         <uninitialized>true</uninitialized>
         <run_address>0x20000418</run_address>
         <size>0x8</size>
      </object_component>
      <object_component id="oc-11c">
         <name>.data</name>
         <load_address>0x20000b18</load_address>
         <run_address>0x20000b18</run_address>
         <size>0x34</size>
         <input_file_ref idref="fl-2"/>
      </object_component>
      <object_component id="oc-a8">
         <name>.data</name>
         <load_address>0x20000b70</load_address>
         <run_address>0x20000b70</run_address>
         <size>0x8</size>
         <input_file_ref idref="fl-137"/>
      </object_component>
      <object_component id="oc-6b">
         <name>.data</name>
         <load_address>0x20000b88</load_address>
         <run_address>0x20000b88</run_address>
         <size>0x4</size>
         <input_file_ref idref="fl-13e"/>
      </object_component>
      <object_component id="oc-a5">
         <name>.data</name>
         <load_address>0x20000b68</load_address>
         <run_address>0x20000b68</run_address>
         <size>0x8</size>
         <input_file_ref idref="fl-13f"/>
      </object_component>
      <object_component id="oc-1ad">
         <name>.data:_ftable</name>
         <load_address>0x20000828</load_address>
         <run_address>0x20000828</run_address>
         <size>0xf0</size>
         <input_file_ref idref="fl-146"/>
      </object_component>
      <object_component id="oc-2ef">
         <name>.data</name>
         <load_address>0x20000b4c</load_address>
         <run_address>0x20000b4c</run_address>
         <size>0x10</size>
         <input_file_ref idref="fl-146"/>
      </object_component>
      <object_component id="oc-300">
         <name>.data</name>
         <load_address>0x20000918</load_address>
         <run_address>0x20000918</run_address>
         <size>0xd0</size>
         <input_file_ref idref="fl-151"/>
      </object_component>
      <object_component id="oc-324">
         <name>.data</name>
         <load_address>0x20000a98</load_address>
         <run_address>0x20000a98</run_address>
         <size>0x80</size>
         <input_file_ref idref="fl-160"/>
      </object_component>
      <object_component id="oc-32f">
         <name>.data</name>
         <load_address>0x20000b80</load_address>
         <run_address>0x20000b80</run_address>
         <size>0x4</size>
         <input_file_ref idref="fl-162"/>
      </object_component>
      <object_component id="oc-383">
         <name>.data</name>
         <load_address>0x20000b78</load_address>
         <run_address>0x20000b78</run_address>
         <size>0x8</size>
         <input_file_ref idref="fl-163"/>
      </object_component>
      <object_component id="oc-3da">
         <name>.data:sigtable</name>
         <load_address>0x200009e8</load_address>
         <run_address>0x200009e8</run_address>
         <size>0xb0</size>
         <input_file_ref idref="fl-168"/>
      </object_component>
      <object_component id="oc-397">
         <name>.data</name>
         <load_address>0x20000b84</load_address>
         <run_address>0x20000b84</run_address>
         <size>0x4</size>
         <input_file_ref idref="fl-16b"/>
      </object_component>
      <object_component id="oc-38d">
         <name>.data</name>
         <load_address>0x20000b5c</load_address>
         <run_address>0x20000b5c</run_address>
         <size>0xc</size>
         <input_file_ref idref="fl-16c"/>
      </object_component>
      <object_component id="oc-129">
         <name>.debug_info</name>
         <load_address>0x0</load_address>
         <run_address>0x0</run_address>
         <size>0x7a5</size>
         <input_file_ref idref="fl-2"/>
      </object_component>
      <object_component id="oc-11d">
         <name>.debug_info</name>
         <load_address>0x7a5</load_address>
         <run_address>0x7a5</run_address>
         <size>0x28f</size>
         <input_file_ref idref="fl-2"/>
      </object_component>
      <object_component id="oc-12c">
         <name>.debug_info</name>
         <load_address>0xa34</load_address>
         <run_address>0xa34</run_address>
         <size>0x109</size>
         <input_file_ref idref="fl-2"/>
      </object_component>
      <object_component id="oc-126">
         <name>.debug_info</name>
         <load_address>0xb3d</load_address>
         <run_address>0xb3d</run_address>
         <size>0x11d</size>
         <input_file_ref idref="fl-2"/>
      </object_component>
      <object_component id="oc-123">
         <name>.debug_info</name>
         <load_address>0xc5a</load_address>
         <run_address>0xc5a</run_address>
         <size>0x10b</size>
         <input_file_ref idref="fl-2"/>
      </object_component>
      <object_component id="oc-120">
         <name>.debug_info</name>
         <load_address>0xd65</load_address>
         <run_address>0xd65</run_address>
         <size>0x10d</size>
         <input_file_ref idref="fl-2"/>
      </object_component>
      <object_component id="oc-76">
         <name>.debug_info</name>
         <load_address>0xe72</load_address>
         <run_address>0xe72</run_address>
         <size>0x68e</size>
         <input_file_ref idref="fl-2"/>
      </object_component>
      <object_component id="oc-1d7">
         <name>.debug_info</name>
         <load_address>0x1500</load_address>
         <run_address>0x1500</run_address>
         <size>0x103e</size>
         <input_file_ref idref="fl-2"/>
      </object_component>
      <object_component id="oc-1dc">
         <name>.debug_info</name>
         <load_address>0x253e</load_address>
         <run_address>0x253e</run_address>
         <size>0x341</size>
         <input_file_ref idref="fl-2"/>
      </object_component>
      <object_component id="oc-12f">
         <name>.debug_info</name>
         <load_address>0x287f</load_address>
         <run_address>0x287f</run_address>
         <size>0x8b</size>
         <input_file_ref idref="fl-2"/>
      </object_component>
      <object_component id="oc-134">
         <name>.debug_info</name>
         <load_address>0x290a</load_address>
         <run_address>0x290a</run_address>
         <size>0x18b</size>
         <input_file_ref idref="fl-2"/>
      </object_component>
      <object_component id="oc-191">
         <name>.debug_info</name>
         <load_address>0x2a95</load_address>
         <run_address>0x2a95</run_address>
         <size>0x4e</size>
         <input_file_ref idref="fl-2"/>
      </object_component>
      <object_component id="oc-1e1">
         <name>.debug_info</name>
         <load_address>0x2ae3</load_address>
         <run_address>0x2ae3</run_address>
         <size>0xee</size>
         <input_file_ref idref="fl-2"/>
      </object_component>
      <object_component id="oc-7d">
         <name>.debug_info</name>
         <load_address>0x2bd1</load_address>
         <run_address>0x2bd1</run_address>
         <size>0x15e</size>
         <input_file_ref idref="fl-3"/>
      </object_component>
      <object_component id="oc-28">
         <name>.debug_info</name>
         <load_address>0x2d2f</load_address>
         <run_address>0x2d2f</run_address>
         <size>0x129</size>
         <input_file_ref idref="fl-3"/>
      </object_component>
      <object_component id="oc-73">
         <name>.debug_info</name>
         <load_address>0x2e58</load_address>
         <run_address>0x2e58</run_address>
         <size>0x257</size>
         <input_file_ref idref="fl-3"/>
      </object_component>
      <object_component id="oc-8a">
         <name>.debug_info</name>
         <load_address>0x30af</load_address>
         <run_address>0x30af</run_address>
         <size>0x84</size>
         <input_file_ref idref="fl-3"/>
      </object_component>
      <object_component id="oc-186">
         <name>.debug_info</name>
         <load_address>0x3133</load_address>
         <run_address>0x3133</run_address>
         <size>0x454</size>
         <input_file_ref idref="fl-9"/>
      </object_component>
      <object_component id="oc-19e">
         <name>.debug_info</name>
         <load_address>0x3587</load_address>
         <run_address>0x3587</run_address>
         <size>0xbf</size>
         <input_file_ref idref="fl-9"/>
      </object_component>
      <object_component id="oc-e8">
         <name>.debug_info</name>
         <load_address>0x3646</load_address>
         <run_address>0x3646</run_address>
         <size>0x136</size>
         <input_file_ref idref="fl-9"/>
      </object_component>
      <object_component id="oc-ff">
         <name>.debug_info</name>
         <load_address>0x377c</load_address>
         <run_address>0x377c</run_address>
         <size>0xf5</size>
         <input_file_ref idref="fl-9"/>
      </object_component>
      <object_component id="oc-198">
         <name>.debug_info</name>
         <load_address>0x3871</load_address>
         <run_address>0x3871</run_address>
         <size>0x1e5</size>
         <input_file_ref idref="fl-9"/>
      </object_component>
      <object_component id="oc-105">
         <name>.debug_info</name>
         <load_address>0x3a56</load_address>
         <run_address>0x3a56</run_address>
         <size>0x15b</size>
         <input_file_ref idref="fl-9"/>
      </object_component>
      <object_component id="oc-1f6">
         <name>.debug_info</name>
         <load_address>0x3bb1</load_address>
         <run_address>0x3bb1</run_address>
         <size>0x103c</size>
         <input_file_ref idref="fl-9"/>
      </object_component>
      <object_component id="oc-17e">
         <name>.debug_info</name>
         <load_address>0x4bed</load_address>
         <run_address>0x4bed</run_address>
         <size>0x52b</size>
         <input_file_ref idref="fl-a"/>
      </object_component>
      <object_component id="oc-178">
         <name>.debug_info</name>
         <load_address>0x5118</load_address>
         <run_address>0x5118</run_address>
         <size>0x13c</size>
         <input_file_ref idref="fl-a"/>
      </object_component>
      <object_component id="oc-172">
         <name>.debug_info</name>
         <load_address>0x5254</load_address>
         <run_address>0x5254</run_address>
         <size>0x132</size>
         <input_file_ref idref="fl-a"/>
      </object_component>
      <object_component id="oc-c4">
         <name>.debug_info</name>
         <load_address>0x5386</load_address>
         <run_address>0x5386</run_address>
         <size>0x1b7</size>
         <input_file_ref idref="fl-a"/>
      </object_component>
      <object_component id="oc-ca">
         <name>.debug_info</name>
         <load_address>0x553d</load_address>
         <run_address>0x553d</run_address>
         <size>0x1e8</size>
         <input_file_ref idref="fl-a"/>
      </object_component>
      <object_component id="oc-1b3">
         <name>.debug_info</name>
         <load_address>0x5725</load_address>
         <run_address>0x5725</run_address>
         <size>0x457</size>
         <input_file_ref idref="fl-b"/>
      </object_component>
      <object_component id="oc-29a">
         <name>.debug_info</name>
         <load_address>0x5b7c</load_address>
         <run_address>0x5b7c</run_address>
         <size>0x175</size>
         <input_file_ref idref="fl-b"/>
      </object_component>
      <object_component id="oc-1b6">
         <name>.debug_info</name>
         <load_address>0x5cf1</load_address>
         <run_address>0x5cf1</run_address>
         <size>0x137</size>
         <input_file_ref idref="fl-b"/>
      </object_component>
      <object_component id="oc-29f">
         <name>.debug_info</name>
         <load_address>0x5e28</load_address>
         <run_address>0x5e28</run_address>
         <size>0x179</size>
         <input_file_ref idref="fl-b"/>
      </object_component>
      <object_component id="oc-2a5">
         <name>.debug_info</name>
         <load_address>0x5fa1</load_address>
         <run_address>0x5fa1</run_address>
         <size>0x113</size>
         <input_file_ref idref="fl-b"/>
      </object_component>
      <object_component id="oc-1bb">
         <name>.debug_info</name>
         <load_address>0x60b4</load_address>
         <run_address>0x60b4</run_address>
         <size>0x1e2</size>
         <input_file_ref idref="fl-b"/>
      </object_component>
      <object_component id="oc-1c1">
         <name>.debug_info</name>
         <load_address>0x6296</load_address>
         <run_address>0x6296</run_address>
         <size>0x1e4</size>
         <input_file_ref idref="fl-b"/>
      </object_component>
      <object_component id="oc-1c7">
         <name>.debug_info</name>
         <load_address>0x647a</load_address>
         <run_address>0x647a</run_address>
         <size>0x117</size>
         <input_file_ref idref="fl-b"/>
      </object_component>
      <object_component id="oc-117">
         <name>.debug_info</name>
         <load_address>0x6591</load_address>
         <run_address>0x6591</run_address>
         <size>0x249</size>
         <input_file_ref idref="fl-b"/>
      </object_component>
      <object_component id="oc-111">
         <name>.debug_info</name>
         <load_address>0x67da</load_address>
         <run_address>0x67da</run_address>
         <size>0x12e</size>
         <input_file_ref idref="fl-b"/>
      </object_component>
      <object_component id="oc-d1">
         <name>.debug_info</name>
         <load_address>0x6908</load_address>
         <run_address>0x6908</run_address>
         <size>0xf0</size>
         <input_file_ref idref="fl-c"/>
      </object_component>
      <object_component id="oc-16e">
         <name>.debug_info</name>
         <load_address>0x69f8</load_address>
         <run_address>0x69f8</run_address>
         <size>0x440</size>
         <input_file_ref idref="fl-d"/>
      </object_component>
      <object_component id="oc-16b">
         <name>.debug_info</name>
         <load_address>0x6e38</load_address>
         <run_address>0x6e38</run_address>
         <size>0xd0</size>
         <input_file_ref idref="fl-d"/>
      </object_component>
      <object_component id="oc-dc">
         <name>.debug_info</name>
         <load_address>0x6f08</load_address>
         <run_address>0x6f08</run_address>
         <size>0x183</size>
         <input_file_ref idref="fl-d"/>
      </object_component>
      <object_component id="oc-b8">
         <name>.debug_info</name>
         <load_address>0x708b</load_address>
         <run_address>0x708b</run_address>
         <size>0x185</size>
         <input_file_ref idref="fl-d"/>
      </object_component>
      <object_component id="oc-e2">
         <name>.debug_info</name>
         <load_address>0x7210</load_address>
         <run_address>0x7210</run_address>
         <size>0x1ec</size>
         <input_file_ref idref="fl-d"/>
      </object_component>
      <object_component id="oc-b2">
         <name>.debug_info</name>
         <load_address>0x73fc</load_address>
         <run_address>0x73fc</run_address>
         <size>0x17d</size>
         <input_file_ref idref="fl-d"/>
      </object_component>
      <object_component id="oc-d6">
         <name>.debug_info</name>
         <load_address>0x7579</load_address>
         <run_address>0x7579</run_address>
         <size>0x19f</size>
         <input_file_ref idref="fl-d"/>
      </object_component>
      <object_component id="oc-ee">
         <name>.debug_info</name>
         <load_address>0x7718</load_address>
         <run_address>0x7718</run_address>
         <size>0x185</size>
         <input_file_ref idref="fl-d"/>
      </object_component>
      <object_component id="oc-be">
         <name>.debug_info</name>
         <load_address>0x789d</load_address>
         <run_address>0x789d</run_address>
         <size>0x115</size>
         <input_file_ref idref="fl-10"/>
      </object_component>
      <object_component id="oc-23">
         <name>.debug_info</name>
         <load_address>0x79b2</load_address>
         <run_address>0x79b2</run_address>
         <size>0x134</size>
         <input_file_ref idref="fl-133"/>
      </object_component>
      <object_component id="oc-39">
         <name>.debug_info</name>
         <load_address>0x7ae6</load_address>
         <run_address>0x7ae6</run_address>
         <size>0x121</size>
         <input_file_ref idref="fl-134"/>
      </object_component>
      <object_component id="oc-11">
         <name>.debug_info</name>
         <load_address>0x7c07</load_address>
         <run_address>0x7c07</run_address>
         <size>0x1c0</size>
         <input_file_ref idref="fl-134"/>
      </object_component>
      <object_component id="oc-34">
         <name>.debug_info</name>
         <load_address>0x7dc7</load_address>
         <run_address>0x7dc7</run_address>
         <size>0x46</size>
         <input_file_ref idref="fl-134"/>
      </object_component>
      <object_component id="oc-83">
         <name>.debug_info</name>
         <load_address>0x7e0d</load_address>
         <run_address>0x7e0d</run_address>
         <size>0x2c</size>
         <input_file_ref idref="fl-134"/>
      </object_component>
      <object_component id="oc-41">
         <name>.debug_info</name>
         <load_address>0x7e39</load_address>
         <run_address>0x7e39</run_address>
         <size>0x115</size>
         <input_file_ref idref="fl-135"/>
      </object_component>
      <object_component id="oc-3b">
         <name>.debug_info</name>
         <load_address>0x7f4e</load_address>
         <run_address>0x7f4e</run_address>
         <size>0x228</size>
         <input_file_ref idref="fl-135"/>
      </object_component>
      <object_component id="oc-17">
         <name>.debug_info</name>
         <load_address>0x8176</load_address>
         <run_address>0x8176</run_address>
         <size>0x192</size>
         <input_file_ref idref="fl-135"/>
      </object_component>
      <object_component id="oc-42">
         <name>.debug_info</name>
         <load_address>0x8308</load_address>
         <run_address>0x8308</run_address>
         <size>0x39</size>
         <input_file_ref idref="fl-135"/>
      </object_component>
      <object_component id="oc-92">
         <name>.debug_info</name>
         <load_address>0x8341</load_address>
         <run_address>0x8341</run_address>
         <size>0x2c</size>
         <input_file_ref idref="fl-135"/>
      </object_component>
      <object_component id="oc-52">
         <name>.debug_info</name>
         <load_address>0x836d</load_address>
         <run_address>0x836d</run_address>
         <size>0x110</size>
         <input_file_ref idref="fl-136"/>
      </object_component>
      <object_component id="oc-1f">
         <name>.debug_info</name>
         <load_address>0x847d</load_address>
         <run_address>0x847d</run_address>
         <size>0x18b</size>
         <input_file_ref idref="fl-136"/>
      </object_component>
      <object_component id="oc-4d">
         <name>.debug_info</name>
         <load_address>0x8608</load_address>
         <run_address>0x8608</run_address>
         <size>0x46</size>
         <input_file_ref idref="fl-136"/>
      </object_component>
      <object_component id="oc-ac">
         <name>.debug_info</name>
         <load_address>0x864e</load_address>
         <run_address>0x864e</run_address>
         <size>0x172</size>
         <input_file_ref idref="fl-137"/>
      </object_component>
      <object_component id="oc-a9">
         <name>.debug_info</name>
         <load_address>0x87c0</load_address>
         <run_address>0x87c0</run_address>
         <size>0x117</size>
         <input_file_ref idref="fl-137"/>
      </object_component>
      <object_component id="oc-66">
         <name>.debug_info</name>
         <load_address>0x88d7</load_address>
         <run_address>0x88d7</run_address>
         <size>0x1ee</size>
         <input_file_ref idref="fl-137"/>
      </object_component>
      <object_component id="oc-f4">
         <name>.debug_info</name>
         <load_address>0x8ac5</load_address>
         <run_address>0x8ac5</run_address>
         <size>0x109</size>
         <input_file_ref idref="fl-138"/>
      </object_component>
      <object_component id="oc-2f">
         <name>.debug_info</name>
         <load_address>0x8bce</load_address>
         <run_address>0x8bce</run_address>
         <size>0xf6</size>
         <input_file_ref idref="fl-139"/>
      </object_component>
      <object_component id="oc-48">
         <name>.debug_info</name>
         <load_address>0x8cc4</load_address>
         <run_address>0x8cc4</run_address>
         <size>0x124</size>
         <input_file_ref idref="fl-13a"/>
      </object_component>
      <object_component id="oc-57">
         <name>.debug_info</name>
         <load_address>0x8de8</load_address>
         <run_address>0x8de8</run_address>
         <size>0x129</size>
         <input_file_ref idref="fl-13b"/>
      </object_component>
      <object_component id="oc-1b1">
         <name>.debug_info</name>
         <load_address>0x8f11</load_address>
         <run_address>0x8f11</run_address>
         <size>0x20d</size>
         <input_file_ref idref="fl-13c"/>
      </object_component>
      <object_component id="oc-10c">
         <name>.debug_info</name>
         <load_address>0x911e</load_address>
         <run_address>0x911e</run_address>
         <size>0x265</size>
         <input_file_ref idref="fl-13c"/>
      </object_component>
      <object_component id="oc-290">
         <name>.debug_info</name>
         <load_address>0x9383</load_address>
         <run_address>0x9383</run_address>
         <size>0xae</size>
         <input_file_ref idref="fl-13c"/>
      </object_component>
      <object_component id="oc-190">
         <name>.debug_info</name>
         <load_address>0x9431</load_address>
         <run_address>0x9431</run_address>
         <size>0x19c</size>
         <input_file_ref idref="fl-13d"/>
      </object_component>
      <object_component id="oc-fc">
         <name>.debug_info</name>
         <load_address>0x95cd</load_address>
         <run_address>0x95cd</run_address>
         <size>0x2c5</size>
         <input_file_ref idref="fl-13d"/>
      </object_component>
      <object_component id="oc-260">
         <name>.debug_info</name>
         <load_address>0x9892</load_address>
         <run_address>0x9892</run_address>
         <size>0x2c</size>
         <input_file_ref idref="fl-13d"/>
      </object_component>
      <object_component id="oc-6c">
         <name>.debug_info</name>
         <load_address>0x98be</load_address>
         <run_address>0x98be</run_address>
         <size>0xea</size>
         <input_file_ref idref="fl-13e"/>
      </object_component>
      <object_component id="oc-164">
         <name>.debug_info</name>
         <load_address>0x99a8</load_address>
         <run_address>0x99a8</run_address>
         <size>0x105</size>
         <input_file_ref idref="fl-13f"/>
      </object_component>
      <object_component id="oc-a6">
         <name>.debug_info</name>
         <load_address>0x9aad</load_address>
         <run_address>0x9aad</run_address>
         <size>0xf4</size>
         <input_file_ref idref="fl-13f"/>
      </object_component>
      <object_component id="oc-15f">
         <name>.debug_info</name>
         <load_address>0x9ba1</load_address>
         <run_address>0x9ba1</run_address>
         <size>0x200</size>
         <input_file_ref idref="fl-13f"/>
      </object_component>
      <object_component id="oc-25a">
         <name>.debug_info</name>
         <load_address>0x9da1</load_address>
         <run_address>0x9da1</run_address>
         <size>0x338</size>
         <input_file_ref idref="fl-140"/>
      </object_component>
      <object_component id="oc-18b">
         <name>.debug_info</name>
         <load_address>0xa0d9</load_address>
         <run_address>0xa0d9</run_address>
         <size>0x17ea</size>
         <input_file_ref idref="fl-140"/>
      </object_component>
      <object_component id="oc-25b">
         <name>.debug_info</name>
         <load_address>0xb8c3</load_address>
         <run_address>0xb8c3</run_address>
         <size>0x86</size>
         <input_file_ref idref="fl-140"/>
      </object_component>
      <object_component id="oc-2dc">
         <name>.debug_info</name>
         <load_address>0xb949</load_address>
         <run_address>0xb949</run_address>
         <size>0x46</size>
         <input_file_ref idref="fl-140"/>
      </object_component>
      <object_component id="oc-265">
         <name>.debug_info</name>
         <load_address>0xb98f</load_address>
         <run_address>0xb98f</run_address>
         <size>0x39</size>
         <input_file_ref idref="fl-140"/>
      </object_component>
      <object_component id="oc-a4">
         <name>.debug_info</name>
         <load_address>0xb9c8</load_address>
         <run_address>0xb9c8</run_address>
         <size>0x147</size>
         <input_file_ref idref="fl-141"/>
      </object_component>
      <object_component id="oc-61">
         <name>.debug_info</name>
         <load_address>0xbb0f</load_address>
         <run_address>0xbb0f</run_address>
         <size>0x148</size>
         <input_file_ref idref="fl-141"/>
      </object_component>
      <object_component id="oc-157">
         <name>.debug_info</name>
         <load_address>0xbc57</load_address>
         <run_address>0xbc57</run_address>
         <size>0x5e</size>
         <input_file_ref idref="fl-141"/>
      </object_component>
      <object_component id="oc-2d9">
         <name>.debug_info</name>
         <load_address>0xbcb5</load_address>
         <run_address>0xbcb5</run_address>
         <size>0xf5</size>
         <input_file_ref idref="fl-142"/>
      </object_component>
      <object_component id="oc-255">
         <name>.debug_info</name>
         <load_address>0xbdaa</load_address>
         <run_address>0xbdaa</run_address>
         <size>0x152</size>
         <input_file_ref idref="fl-142"/>
      </object_component>
      <object_component id="oc-a2">
         <name>.debug_info</name>
         <load_address>0xbefc</load_address>
         <run_address>0xbefc</run_address>
         <size>0x29e</size>
         <input_file_ref idref="fl-143"/>
      </object_component>
      <object_component id="oc-5a">
         <name>.debug_info</name>
         <load_address>0xc19a</load_address>
         <run_address>0xc19a</run_address>
         <size>0x158</size>
         <input_file_ref idref="fl-143"/>
      </object_component>
      <object_component id="oc-14b">
         <name>.debug_info</name>
         <load_address>0xc2f2</load_address>
         <run_address>0xc2f2</run_address>
         <size>0x39</size>
         <input_file_ref idref="fl-143"/>
      </object_component>
      <object_component id="oc-150">
         <name>.debug_info</name>
         <load_address>0xc32b</load_address>
         <run_address>0xc32b</run_address>
         <size>0xcd</size>
         <input_file_ref idref="fl-143"/>
      </object_component>
      <object_component id="oc-148">
         <name>.debug_info</name>
         <load_address>0xc3f8</load_address>
         <run_address>0xc3f8</run_address>
         <size>0x1c1</size>
         <input_file_ref idref="fl-144"/>
      </object_component>
      <object_component id="oc-9c">
         <name>.debug_info</name>
         <load_address>0xc5b9</load_address>
         <run_address>0xc5b9</run_address>
         <size>0x164</size>
         <input_file_ref idref="fl-144"/>
      </object_component>
      <object_component id="oc-1ea">
         <name>.debug_info</name>
         <load_address>0xc71d</load_address>
         <run_address>0xc71d</run_address>
         <size>0x2c</size>
         <input_file_ref idref="fl-144"/>
      </object_component>
      <object_component id="oc-33d">
         <name>.debug_info</name>
         <load_address>0xc749</load_address>
         <run_address>0xc749</run_address>
         <size>0xcf</size>
         <input_file_ref idref="fl-145"/>
      </object_component>
      <object_component id="oc-2d6">
         <name>.debug_info</name>
         <load_address>0xc818</load_address>
         <run_address>0xc818</run_address>
         <size>0xdb</size>
         <input_file_ref idref="fl-145"/>
      </object_component>
      <object_component id="oc-28d">
         <name>.debug_info</name>
         <load_address>0xc8f3</load_address>
         <run_address>0xc8f3</run_address>
         <size>0xf1</size>
         <input_file_ref idref="fl-146"/>
      </object_component>
      <object_component id="oc-1ae">
         <name>.debug_info</name>
         <load_address>0xc9e4</load_address>
         <run_address>0xc9e4</run_address>
         <size>0xd8</size>
         <input_file_ref idref="fl-146"/>
      </object_component>
      <object_component id="oc-3cb">
         <name>.debug_info</name>
         <load_address>0xcabc</load_address>
         <run_address>0xcabc</run_address>
         <size>0xe2</size>
         <input_file_ref idref="fl-146"/>
      </object_component>
      <object_component id="oc-2f0">
         <name>.debug_info</name>
         <load_address>0xcb9e</load_address>
         <run_address>0xcb9e</run_address>
         <size>0x165</size>
         <input_file_ref idref="fl-146"/>
      </object_component>
      <object_component id="oc-231">
         <name>.debug_info</name>
         <load_address>0xcd03</load_address>
         <run_address>0xcd03</run_address>
         <size>0x129</size>
         <input_file_ref idref="fl-147"/>
      </object_component>
      <object_component id="oc-20e">
         <name>.debug_info</name>
         <load_address>0xce2c</load_address>
         <run_address>0xce2c</run_address>
         <size>0x105</size>
         <input_file_ref idref="fl-148"/>
      </object_component>
      <object_component id="oc-21c">
         <name>.debug_info</name>
         <load_address>0xcf31</load_address>
         <run_address>0xcf31</run_address>
         <size>0x107</size>
         <input_file_ref idref="fl-148"/>
      </object_component>
      <object_component id="oc-219">
         <name>.debug_info</name>
         <load_address>0xd038</load_address>
         <run_address>0xd038</run_address>
         <size>0x117</size>
         <input_file_ref idref="fl-149"/>
      </object_component>
      <object_component id="oc-212">
         <name>.debug_info</name>
         <load_address>0xd14f</load_address>
         <run_address>0xd14f</run_address>
         <size>0x117</size>
         <input_file_ref idref="fl-14a"/>
      </object_component>
      <object_component id="oc-223">
         <name>.debug_info</name>
         <load_address>0xd266</load_address>
         <run_address>0xd266</run_address>
         <size>0x10b</size>
         <input_file_ref idref="fl-14b"/>
      </object_component>
      <object_component id="oc-282">
         <name>.debug_info</name>
         <load_address>0xd371</load_address>
         <run_address>0xd371</run_address>
         <size>0x1bf</size>
         <input_file_ref idref="fl-14c"/>
      </object_component>
      <object_component id="oc-1a4">
         <name>.debug_info</name>
         <load_address>0xd530</load_address>
         <run_address>0xd530</run_address>
         <size>0x220</size>
         <input_file_ref idref="fl-14c"/>
      </object_component>
      <object_component id="oc-28a">
         <name>.debug_info</name>
         <load_address>0xd750</load_address>
         <run_address>0xd750</run_address>
         <size>0x283</size>
         <input_file_ref idref="fl-14d"/>
      </object_component>
      <object_component id="oc-1a9">
         <name>.debug_info</name>
         <load_address>0xd9d3</load_address>
         <run_address>0xd9d3</run_address>
         <size>0x33a</size>
         <input_file_ref idref="fl-14d"/>
      </object_component>
      <object_component id="oc-2c0">
         <name>.debug_info</name>
         <load_address>0xdd0d</load_address>
         <run_address>0xdd0d</run_address>
         <size>0xfe</size>
         <input_file_ref idref="fl-14e"/>
      </object_component>
      <object_component id="oc-236">
         <name>.debug_info</name>
         <load_address>0xde0b</load_address>
         <run_address>0xde0b</run_address>
         <size>0x16e</size>
         <input_file_ref idref="fl-14e"/>
      </object_component>
      <object_component id="oc-22c">
         <name>.debug_info</name>
         <load_address>0xdf79</load_address>
         <run_address>0xdf79</run_address>
         <size>0x109</size>
         <input_file_ref idref="fl-14f"/>
      </object_component>
      <object_component id="oc-2ce">
         <name>.debug_info</name>
         <load_address>0xe082</load_address>
         <run_address>0xe082</run_address>
         <size>0x142</size>
         <input_file_ref idref="fl-150"/>
      </object_component>
      <object_component id="oc-23e">
         <name>.debug_info</name>
         <load_address>0xe1c4</load_address>
         <run_address>0xe1c4</run_address>
         <size>0x165</size>
         <input_file_ref idref="fl-150"/>
      </object_component>
      <object_component id="oc-304">
         <name>.debug_info</name>
         <load_address>0xe329</load_address>
         <run_address>0xe329</run_address>
         <size>0x481</size>
         <input_file_ref idref="fl-151"/>
      </object_component>
      <object_component id="oc-301">
         <name>.debug_info</name>
         <load_address>0xe7aa</load_address>
         <run_address>0xe7aa</run_address>
         <size>0xf7</size>
         <input_file_ref idref="fl-151"/>
      </object_component>
      <object_component id="oc-27d">
         <name>.debug_info</name>
         <load_address>0xe8a1</load_address>
         <run_address>0xe8a1</run_address>
         <size>0xaec</size>
         <input_file_ref idref="fl-151"/>
      </object_component>
      <object_component id="oc-369">
         <name>.debug_info</name>
         <load_address>0xf38d</load_address>
         <run_address>0xf38d</run_address>
         <size>0x120</size>
         <input_file_ref idref="fl-151"/>
      </object_component>
      <object_component id="oc-306">
         <name>.debug_info</name>
         <load_address>0xf4ad</load_address>
         <run_address>0xf4ad</run_address>
         <size>0x2c</size>
         <input_file_ref idref="fl-151"/>
      </object_component>
      <object_component id="oc-2b6">
         <name>.debug_info</name>
         <load_address>0xf4d9</load_address>
         <run_address>0xf4d9</run_address>
         <size>0x12d</size>
         <input_file_ref idref="fl-152"/>
      </object_component>
      <object_component id="oc-226">
         <name>.debug_info</name>
         <load_address>0xf606</load_address>
         <run_address>0xf606</run_address>
         <size>0x1a3</size>
         <input_file_ref idref="fl-152"/>
      </object_component>
      <object_component id="oc-2d4">
         <name>.debug_info</name>
         <load_address>0xf7a9</load_address>
         <run_address>0xf7a9</run_address>
         <size>0xd2</size>
         <input_file_ref idref="fl-153"/>
      </object_component>
      <object_component id="oc-24f">
         <name>.debug_info</name>
         <load_address>0xf87b</load_address>
         <run_address>0xf87b</run_address>
         <size>0x18c</size>
         <input_file_ref idref="fl-153"/>
      </object_component>
      <object_component id="oc-30e">
         <name>.debug_info</name>
         <load_address>0xfa07</load_address>
         <run_address>0xfa07</run_address>
         <size>0xe1</size>
         <input_file_ref idref="fl-154"/>
      </object_component>
      <object_component id="oc-287">
         <name>.debug_info</name>
         <load_address>0xfae8</load_address>
         <run_address>0xfae8</run_address>
         <size>0x20f</size>
         <input_file_ref idref="fl-154"/>
      </object_component>
      <object_component id="oc-2d0">
         <name>.debug_info</name>
         <load_address>0xfcf7</load_address>
         <run_address>0xfcf7</run_address>
         <size>0xd6</size>
         <input_file_ref idref="fl-155"/>
      </object_component>
      <object_component id="oc-242">
         <name>.debug_info</name>
         <load_address>0xfdcd</load_address>
         <run_address>0xfdcd</run_address>
         <size>0x211</size>
         <input_file_ref idref="fl-155"/>
      </object_component>
      <object_component id="oc-35c">
         <name>.debug_info</name>
         <load_address>0xffde</load_address>
         <run_address>0xffde</run_address>
         <size>0xc6</size>
         <input_file_ref idref="fl-156"/>
      </object_component>
      <object_component id="oc-2f5">
         <name>.debug_info</name>
         <load_address>0x100a4</load_address>
         <run_address>0x100a4</run_address>
         <size>0x225</size>
         <input_file_ref idref="fl-156"/>
      </object_component>
      <object_component id="oc-2af">
         <name>.debug_info</name>
         <load_address>0x102c9</load_address>
         <run_address>0x102c9</run_address>
         <size>0xcb</size>
         <input_file_ref idref="fl-157"/>
      </object_component>
      <object_component id="oc-209">
         <name>.debug_info</name>
         <load_address>0x10394</load_address>
         <run_address>0x10394</run_address>
         <size>0x1f7</size>
[...]
      <symbol id="sm-2ea">
         <name>__TI_decompress_rle24</name>
         <value>0x3ea1</value>
         <object_component_ref idref="oc-16"/>
      </symbol>
      <symbol id="sm-2fc">
         <name>__TI_zero_init</name>
         <value>0x3e89</value>
         <object_component_ref idref="oc-1c"/>
      </symbol>
      <symbol id="sm-31b">
         <name>C$$EXIT</name>
         <value>0x3981</value>
         <object_component_ref idref="oc-65"/>
      </symbol>
      <symbol id="sm-31c">
         <name>abort</name>
         <value>0x3985</value>
         <object_component_ref idref="oc-65"/>
      </symbol>
      <symbol id="sm-31d">
         <name>exit</name>
         <value>0x398d</value>
         <object_component_ref idref="oc-65"/>
      </symbol>
      <symbol id="sm-31e">
         <name>__TI_dtors_ptr</name>
         <value>0x20000b74</value>
         <object_component_ref idref="oc-a8"/>
      </symbol>
      <symbol id="sm-31f">
         <name>__TI_cleanup_ptr</name>
         <value>0x20000b70</value>
         <object_component_ref idref="oc-a8"/>
      </symbol>
      <symbol id="sm-32d">
         <name>__aeabi_f2d</name>
         <value>0x3a79</value>
         <object_component_ref idref="oc-f3"/>
      </symbol>
      <symbol id="sm-348">
         <name>memcpy</name>
         <value>0x2fbb</value>
         <object_component_ref idref="oc-2e"/>
      </symbol>
      <symbol id="sm-349">
         <name>__aeabi_memcpy</name>
         <value>0x2fbb</value>
         <object_component_ref idref="oc-2e"/>
      </symbol>
      <symbol id="sm-34a">
         <name>__aeabi_memcpy8</name>
         <value>0x2fbb</value>
         <object_component_ref idref="oc-2e"/>
      </symbol>
      <symbol id="sm-34b">
         <name>__aeabi_memcpy4</name>
         <value>0x2fbb</value>
         <object_component_ref idref="oc-2e"/>
      </symbol>
      <symbol id="sm-35a">
         <name>__aeabi_memset</name>
         <value>0x339f</value>
         <object_component_ref idref="oc-47"/>
      </symbol>
      <symbol id="sm-35b">
         <name>memset</name>
         <value>0x33a5</value>
         <object_component_ref idref="oc-47"/>
      </symbol>
      <symbol id="sm-35c">
         <name>__aeabi_memset8</name>
         <value>0x339f</value>
         <object_component_ref idref="oc-47"/>
      </symbol>
      <symbol id="sm-35d">
         <name>__aeabi_memset4</name>
         <value>0x339f</value>
         <object_component_ref idref="oc-47"/>
      </symbol>
      <symbol id="sm-35e">
         <name>__aeabi_memclr8</name>
         <value>0x339d</value>
         <object_component_ref idref="oc-47"/>
      </symbol>
      <symbol id="sm-35f">
         <name>__aeabi_memclr4</name>
         <value>0x339d</value>
         <object_component_ref idref="oc-47"/>
      </symbol>
      <symbol id="sm-360">
         <name>__aeabi_memclr</name>
         <value>0x339d</value>
         <object_component_ref idref="oc-47"/>
      </symbol>
      <symbol id="sm-36a">
         <name>_system_pre_init</name>
         <value>0x3ea7</value>
         <object_component_ref idref="oc-53"/>
      </symbol>
      <symbol id="sm-388">
         <name>printf</name>
         <value>0x3421</value>
         <object_component_ref idref="oc-10a"/>
      </symbol>
      <symbol id="sm-3a1">
         <name>sprintf</name>
         <value>0x36fd</value>
         <object_component_ref idref="oc-f8"/>
      </symbol>
      <symbol id="sm-3a9">
         <name>main_func_sp</name>
         <value>0x20000b88</value>
         <object_component_ref idref="oc-6b"/>
      </symbol>
      <symbol id="sm-3c2">
         <name>_nop</name>
         <value>0x3e33</value>
         <object_component_ref idref="oc-15c"/>
      </symbol>
      <symbol id="sm-3c3">
         <name>_lock</name>
         <value>0x20000b68</value>
         <object_component_ref idref="oc-a5"/>
      </symbol>
      <symbol id="sm-3c4">
         <name>_unlock</name>
         <value>0x20000b6c</value>
         <object_component_ref idref="oc-a5"/>
      </symbol>
      <symbol id="sm-3c5">
         <name>_register_lock</name>
         <value>0x3e2b</value>
         <object_component_ref idref="oc-15c"/>
      </symbol>
      <symbol id="sm-3c6">
         <name>_register_unlock</name>
         <value>0x3e25</value>
         <object_component_ref idref="oc-15c"/>
      </symbol>
      <symbol id="sm-4cb">
         <name>__TI_printfi</name>
         <value>0xef5</value>
         <object_component_ref idref="oc-189"/>
      </symbol>
      <symbol id="sm-4e0">
         <name>_args_main</name>
         <value>0x3d8d</value>
         <object_component_ref idref="oc-5f"/>
      </symbol>
      <symbol id="sm-4f6">
         <name>atoi</name>
         <value>0x38a1</value>
         <object_component_ref idref="oc-253"/>
      </symbol>
      <symbol id="sm-51c">
         <name>__TI_auto_init</name>
         <value>0x3489</value>
         <object_component_ref idref="oc-59"/>
      </symbol>
      <symbol id="sm-536">
         <name>copy_in</name>
         <value>0x38ed</value>
         <object_component_ref idref="oc-9b"/>
      </symbol>
      <symbol id="sm-541">
         <name>_ctypes_</name>
         <value>0x3eac</value>
         <object_component_ref idref="oc-2d5"/>
      </symbol>
      <symbol id="sm-55a">
         <name>__aeabi_stdout</name>
         <value>0x20000b54</value>
         <object_component_ref idref="oc-2ef"/>
      </symbol>
      <symbol id="sm-55b">
         <name>__TI_tmpnams</name>
         <value>0x20000300</value>
         <object_component_ref idref="oc-3ca"/>
      </symbol>
      <symbol id="sm-55c">
         <name>__aeabi_stderr</name>
         <value>0x20000b58</value>
         <object_component_ref idref="oc-2ef"/>
      </symbol>
      <symbol id="sm-55d">
         <name>__aeabi_stdin</name>
         <value>0x20000b50</value>
         <object_component_ref idref="oc-2ef"/>
      </symbol>
      <symbol id="sm-55e">
         <name>_ftable</name>
         <value>0x20000828</value>
         <object_component_ref idref="oc-1ad"/>
      </symbol>
      <symbol id="sm-55f">
         <name>__TI_ft_end</name>
         <value>0x20000b4c</value>
         <object_component_ref idref="oc-2ef"/>
      </symbol>
      <symbol id="sm-583">
         <name>__aeabi_dsub</name>
         <value>0x2361</value>
         <object_component_ref idref="oc-230"/>
      </symbol>
      <symbol id="sm-584">
         <name>__aeabi_dadd</name>
         <value>0x236b</value>
         <object_component_ref idref="oc-230"/>
      </symbol>
      <symbol id="sm-5ab">
         <name>__aeabi_cdcmpeq</name>
         <value>0x3211</value>
         <object_component_ref idref="oc-20c"/>
      </symbol>
      <symbol id="sm-5ac">
         <name>__aeabi_cdcmple</name>
         <value>0x3211</value>
         <object_component_ref idref="oc-20c"/>
      </symbol>
      <symbol id="sm-5ad">
         <name>__aeabi_cdrcmple</name>
         <value>0x3297</value>
         <object_component_ref idref="oc-21b"/>
      </symbol>
      <symbol id="sm-5cd">
         <name>__aeabi_ddiv</name>
         <value>0x266d</value>
         <object_component_ref idref="oc-216"/>
      </symbol>
      <symbol id="sm-5e4">
         <name>__aeabi_dmul</name>
         <value>0x29e9</value>
         <object_component_ref idref="oc-211"/>
      </symbol>
      <symbol id="sm-5f2">
         <name>__aeabi_d2iz</name>
         <value>0x3939</value>
         <object_component_ref idref="oc-220"/>
      </symbol>
      <symbol id="sm-609">
         <name>putc</name>
         <value>0x30f1</value>
         <object_component_ref idref="oc-1a1"/>
      </symbol>
      <symbol id="sm-60a">
         <name>fputc</name>
         <value>0x30f1</value>
         <object_component_ref idref="oc-1a1"/>
      </symbol>
      <symbol id="sm-60b">
         <name>putchar</name>
         <value>0x3175</value>
         <object_component_ref idref="oc-1a1"/>
      </symbol>
      <symbol id="sm-62d">
         <name>puts</name>
         <value>0x28b1</value>
         <object_component_ref idref="oc-1a7"/>
      </symbol>
      <symbol id="sm-62e">
         <name>fputs</name>
         <value>0x27a5</value>
         <object_component_ref idref="oc-1a7"/>
      </symbol>
      <symbol id="sm-63b">
         <name>frexp</name>
         <value>0x3c31</value>
         <object_component_ref idref="oc-235"/>
      </symbol>
      <symbol id="sm-647">
         <name>__aeabi_i2d</name>
         <value>0x3bd5</value>
         <object_component_ref idref="oc-22b"/>
      </symbol>
      <symbol id="sm-658">
         <name>ldexp</name>
         <value>0x37b3</value>
         <object_component_ref idref="oc-23b"/>
      </symbol>
      <symbol id="sm-6aa">
         <name>open</name>
         <value>0x1b07</value>
         <object_component_ref idref="oc-27b"/>
      </symbol>
      <symbol id="sm-6ab">
         <name>add_device</name>
         <value>0x1c29</value>
         <object_component_ref idref="oc-27b"/>
      </symbol>
      <symbol id="sm-6ac">
         <name>remove_device</name>
         <value>0x1abb</value>
         <object_component_ref idref="oc-27b"/>
      </symbol>
      <symbol id="sm-6ad">
         <name>lseek</name>
         <value>0x1bb5</value>
         <object_component_ref idref="oc-27b"/>
      </symbol>
      <symbol id="sm-6ae">
         <name>read</name>
         <value>0x1ae3</value>
         <object_component_ref idref="oc-27b"/>
      </symbol>
      <symbol id="sm-6af">
         <name>rename</name>
         <value>0x1a7d</value>
         <object_component_ref idref="oc-27b"/>
      </symbol>
      <symbol id="sm-6b0">
         <name>write</name>
         <value>0x19c9</value>
         <object_component_ref idref="oc-27b"/>
      </symbol>
      <symbol id="sm-6b1">
         <name>close</name>
         <value>0x1bd9</value>
         <object_component_ref idref="oc-27b"/>
      </symbol>
      <symbol id="sm-6b2">
         <name>unlink</name>
         <value>0x1a59</value>
         <object_component_ref idref="oc-27b"/>
      </symbol>
      <symbol id="sm-6c1">
         <name>ltoa</name>
         <value>0x375d</value>
         <object_component_ref idref="oc-225"/>
      </symbol>
      <symbol id="sm-6d1">
         <name>memccpy</name>
         <value>0x3d29</value>
         <object_component_ref idref="oc-24d"/>
      </symbol>
      <symbol id="sm-6e1">
         <name>memchr</name>
         <value>0x3ced</value>
         <object_component_ref idref="oc-283"/>
      </symbol>
      <symbol id="sm-6f1">
         <name>strchr</name>
         <value>0x3dbd</value>
         <object_component_ref idref="oc-241"/>
      </symbol>
      <symbol id="sm-700">
         <name>strcmp</name>
         <value>0x3da5</value>
         <object_component_ref idref="oc-2f4"/>
      </symbol>
      <symbol id="sm-70e">
         <name>strlen</name>
         <value>0x3e4d</value>
         <object_component_ref idref="oc-206"/>
      </symbol>
      <symbol id="sm-71e">
         <name>strncpy</name>
         <value>0x3b45</value>
         <object_component_ref idref="oc-2fa"/>
      </symbol>
      <symbol id="sm-73f">
         <name>HOSTgetenv</name>
         <value>0x1eeb</value>
         <object_component_ref idref="oc-35f"/>
      </symbol>
      <symbol id="sm-740">
         <name>HOSTrename</name>
         <value>0x1d93</value>
         <object_component_ref idref="oc-35f"/>
      </symbol>
      <symbol id="sm-741">
         <name>HOSTclose</name>
         <value>0x1f29</value>
         <object_component_ref idref="oc-35f"/>
      </symbol>
      <symbol id="sm-742">
         <name>HOSTunlink</name>
         <value>0x1d21</value>
         <object_component_ref idref="oc-35f"/>
      </symbol>
      <symbol id="sm-743">
         <name>HOSTlseek</name>
         <value>0x1e8f</value>
         <object_component_ref idref="oc-35f"/>
      </symbol>
      <symbol id="sm-744">
         <name>HOSTopen</name>
         <value>0x1e3d</value>
         <object_component_ref idref="oc-35f"/>
      </symbol>
      <symbol id="sm-745">
         <name>HOSTclock</name>
         <value>0x1f61</value>
         <object_component_ref idref="oc-35f"/>
      </symbol>
      <symbol id="sm-746">
         <name>HOSTwrite</name>
         <value>0x1cd5</value>
         <object_component_ref idref="oc-35f"/>
      </symbol>
      <symbol id="sm-747">
         <name>HOSTread</name>
         <value>0x1df1</value>
         <object_component_ref idref="oc-35f"/>
      </symbol>
      <symbol id="sm-748">
         <name>HOSTtime</name>
         <value>0x1d59</value>
         <object_component_ref idref="oc-35f"/>
      </symbol>
      <symbol id="sm-763">
         <name>__TI_readmsg</name>
         <value>0x35fb</value>
         <object_component_ref idref="oc-3a0"/>
      </symbol>
      <symbol id="sm-764">
         <name>C$$IO$$</name>
         <value>0x35f7</value>
         <object_component_ref idref="oc-3a0"/>
      </symbol>
      <symbol id="sm-765">
         <name>__CIOBUF_</name>
         <value>0x200001e0</value>
         <object_component_ref idref="oc-3d1"/>
      </symbol>
      <symbol id="sm-766">
         <name>__TI_writemsg</name>
         <value>0x35c9</value>
         <object_component_ref idref="oc-3a0"/>
      </symbol>
      <symbol id="sm-790">
         <name>__aeabi_uldivmod</name>
         <value>0x1fa9</value>
         <object_component_ref idref="oc-201"/>
      </symbol>
      <symbol id="sm-79e">
         <name>_Dclass</name>
         <value>0x3b75</value>
         <object_component_ref idref="oc-247"/>
      </symbol>
      <symbol id="sm-7bf">
         <name>_Dscale</name>
         <value>0x28d9</value>
         <object_component_ref idref="oc-2c1"/>
      </symbol>
      <symbol id="sm-7d3">
         <name>_Dunscale</name>
         <value>0x3631</value>
         <object_component_ref idref="oc-2b9"/>
      </symbol>
      <symbol id="sm-7e2">
         <name>_Feraise</name>
         <value>0x3ba5</value>
         <object_component_ref idref="oc-2c7"/>
      </symbol>
      <symbol id="sm-7f2">
         <name>_Rteps</name>
         <value>0x20000af8</value>
         <object_component_ref idref="oc-324"/>
      </symbol>
      <symbol id="sm-7f3">
         <name>_Zero</name>
         <value>0x20000b10</value>
         <object_component_ref idref="oc-324"/>
      </symbol>
      <symbol id="sm-7f4">
         <name>_Hugeval</name>
         <value>0x20000ab8</value>
         <object_component_ref idref="oc-324"/>
      </symbol>
      <symbol id="sm-7f5">
         <name>_Snan</name>
         <value>0x20000ae8</value>
         <object_component_ref idref="oc-324"/>
      </symbol>
      <symbol id="sm-7f6">
         <name>_Nan</name>
         <value>0x20000ad8</value>
         <object_component_ref idref="oc-324"/>
      </symbol>
      <symbol id="sm-7f7">
         <name>_Inf</name>
         <value>0x20000ac8</value>
         <object_component_ref idref="oc-324"/>
      </symbol>
      <symbol id="sm-7f8">
         <name>_Xbig</name>
         <value>0x20000b08</value>
         <object_component_ref idref="oc-324"/>
      </symbol>
      <symbol id="sm-7f9">
         <name>_Eps</name>
         <value>0x20000aa8</value>
         <object_component_ref idref="oc-324"/>
      </symbol>
      <symbol id="sm-7fa">
         <name>_Denorm</name>
         <value>0x20000a98</value>
         <object_component_ref idref="oc-324"/>
      </symbol>
      <symbol id="sm-818">
         <name>__TI_wrt_ok</name>
         <value>0x2f0f</value>
         <object_component_ref idref="oc-26f"/>
      </symbol>
      <symbol id="sm-819">
         <name>__TI_rd_ok</name>
         <value>0x2f71</value>
         <object_component_ref idref="oc-26f"/>
      </symbol>
      <symbol id="sm-821">
         <name>_Errno</name>
         <value>0x20000b80</value>
         <object_component_ref idref="oc-32f"/>
      </symbol>
      <symbol id="sm-83f">
         <name>feraiseexcept</name>
         <value>0x3ab1</value>
         <object_component_ref idref="oc-329"/>
      </symbol>
      <symbol id="sm-840">
         <name>_Tls_setup__Fenv</name>
         <value>0x20000b7c</value>
         <object_component_ref idref="oc-383"/>
      </symbol>
      <symbol id="sm-841">
         <name>_Fenv</name>
         <value>0x20000b78</value>
         <object_component_ref idref="oc-383"/>
      </symbol>
      <symbol id="sm-85b">
         <name>__TI_doflush</name>
         <value>0x2d89</value>
         <object_component_ref idref="oc-275"/>
      </symbol>
      <symbol id="sm-85c">
         <name>fflush</name>
         <value>0x2dd5</value>
         <object_component_ref idref="oc-275"/>
      </symbol>
      <symbol id="sm-86e">
         <name>fseek</name>
         <value>0x3699</value>
         <object_component_ref idref="oc-2e1"/>
      </symbol>
      <symbol id="sm-882">
         <name>raise</name>
         <value>0x3c03</value>
         <object_component_ref idref="oc-37d"/>
      </symbol>
      <symbol id="sm-89e">
         <name>setvbuf</name>
         <value>0x2cad</value>
         <object_component_ref idref="oc-2e7"/>
      </symbol>
      <symbol id="sm-8b8">
         <name>signal</name>
         <value>0x39c5</value>
         <object_component_ref idref="oc-3b7"/>
      </symbol>
      <symbol id="sm-8c6">
         <name>strcpy</name>
         <value>0x3e39</value>
         <object_component_ref idref="oc-3a6"/>
      </symbol>
      <symbol id="sm-8db">
         <name>_Dnorm</name>
         <value>0x2e51</value>
         <object_component_ref idref="oc-31a"/>
      </symbol>
      <symbol id="sm-912">
         <name>__TI_cleanup</name>
         <value>0x2265</value>
         <object_component_ref idref="oc-348"/>
      </symbol>
      <symbol id="sm-913">
         <name>freopen</name>
         <value>0x2291</value>
         <object_component_ref idref="oc-348"/>
      </symbol>
      <symbol id="sm-914">
         <name>fopen</name>
         <value>0x22bb</value>
         <object_component_ref idref="oc-348"/>
      </symbol>
      <symbol id="sm-986">
         <name>_sys_memory</name>
         <value>0x20000428</value>
         <object_component_ref idref="oc-2b"/>
      </symbol>
      <symbol id="sm-987">
         <name>free</name>
         <value>0x16e3</value>
         <object_component_ref idref="oc-342"/>
      </symbol>
      <symbol id="sm-988">
         <name>realloc</name>
         <value>0x17a5</value>
         <object_component_ref idref="oc-342"/>
      </symbol>
      <symbol id="sm-989">
         <name>memalign</name>
         <value>0x18b1</value>
         <object_component_ref idref="oc-342"/>
      </symbol>
      <symbol id="sm-98a">
         <name>calloc</name>
         <value>0x1995</value>
         <object_component_ref idref="oc-342"/>
      </symbol>
      <symbol id="sm-98b">
         <name>malloc</name>
         <value>0x167b</value>
         <object_component_ref idref="oc-342"/>
      </symbol>
      <symbol id="sm-98c">
         <name>minit</name>
         <value>0x15ed</value>
         <object_component_ref idref="oc-342"/>
      </symbol>
      <symbol id="sm-9a2">
         <name>__TI_closefile</name>
         <value>0x3059</value>
         <object_component_ref idref="oc-391"/>
      </symbol>
      <symbol id="sm-9a3">
         <name>fclose</name>
         <value>0x30bf</value>
         <object_component_ref idref="oc-391"/>
      </symbol>
      <symbol id="sm-9a5">
         <name>__TI_static_base__</name>
         <value>0x0</value>
      </symbol>
      <symbol id="sm-9a8">
         <name>SHT$$INIT_ARRAY$$Limit</name>
         <value>0x0</value>
      </symbol>
      <symbol id="sm-9a9">
         <name>SHT$$INIT_ARRAY$$Base</name>
         <value>0x0</value>
      </symbol>
      <symbol id="sm-9aa">
         <name>remove</name>
         <value>0x1a59</value>
      </symbol>
   </symbol_table>
   <title>Link successful</title>
</link_info>
